main.c:85:6:check_baud	8	static
main.c:99:19:sendData	24	static
main.c:111:19:HAL_printf	280	static
main.c:121:19:HAL_eprintf	280	static
main.c:135:9:receive_uint_32	24	static
main.c:142:19:receiveBlock	24	static
main.c:147:6:startSession	16	static
main.c:155:19:storeBlock	24	static
main.c:170:6:bootloader_jump_to_user_app	0	static,ignoring_inline_asm
main.c:198:19:preparePages	24	static
main.c:206:6:askForNextBlock	24	static
main.c:212:6:decrypt	0	static
main.c:216:10:crc32	16	static
main.c:368:6:SystemClock_Config	136	static
main.c:237:5:main	304	static
main.c:462:6:Error_Handler	0	static
