main.c:116:10:crc32	40	static
main.c:133:10:computeHeaderCrc	16	static
main.c:137:6:makeHeader	24	static
main.c:144:19:verifyDataHeader	16	static
main.c:151:19:sendDataHeader	32	static
main.c:157:19:sendDataBody	32	static
main.c:168:19:receiveDataHeader	32	static
main.c:173:19:receiveDataBodyWithCRC	32	static
main.c:184:19:sendData	64	static
main.c:230:19:sendAck	40	static
main.c:238:19:receiveData	40	static
main.c:276:19:HAL_printf	288	static
main.c:297:19:startSession	24	static
main.c:310:19:storeBlock	40	static
main.c:325:6:bootloader_jump_to_user_app	32	static,ignoring_inline_asm
main.c:353:19:preparePages	40	static
main.c:365:6:sendReadyToNextCommand	32	static
main.c:373:6:decrypt	16	static
main.c:377:6:changeBaud	16	static
main.c:385:6:askForNextBlock	56	static
main.c:399:5:main	584	static
main.c:529:6:SystemClock_Config	128	static
main.c:572:13:MX_USART1_UART_Init	8	static
main.c:607:13:MX_GPIO_Init	16	static
main.c:623:6:Error_Handler	4	static
