main.c:82:19:sendData	24	static
main.c:92:19:HAL_printf	280	static
main.c:102:19:HAL_eprintf	280	static
main.c:116:9:receive_uint_32	24	static
main.c:122:19:receive256bit	24	static
main.c:126:6:sendStartCode	24	static
main.c:134:19:store256bit	40	static
main.c:149:6:bootloader_jump_to_user_app	32	static,ignoring_inline_asm
main.c:177:19:preparePages	40	static
main.c:185:6:askForNext128bit	32	static
main.c:192:6:decrypt	16	static
main.c:201:5:main	288	static
main.c:315:6:SystemClock_Config	128	static
main.c:358:13:MX_USART1_UART_Init	8	static
main.c:393:13:MX_GPIO_Init	16	static
main.c:409:6:Error_Handler	4	static
