Archive member included to satisfy reference by file (symbol)

c:/st/stm32cubeide_1.4.0/stm32cubeide/plugins/com.st.stm32cube.ide.mcu.externaltools.gnu-tools-for-stm32.7-2018-q2-update.win32_1.4.0.202007081208/tools/bin/../lib/gcc/arm-none-eabi/7.3.1/../../../../arm-none-eabi/lib/thumb/v7e-m/fpv4-sp/hard\libc_nano.a(lib_a-errno.o)
                              Core/Src/syscalls.o (__errno)
c:/st/stm32cubeide_1.4.0/stm32cubeide/plugins/com.st.stm32cube.ide.mcu.externaltools.gnu-tools-for-stm32.7-2018-q2-update.win32_1.4.0.202007081208/tools/bin/../lib/gcc/arm-none-eabi/7.3.1/../../../../arm-none-eabi/lib/thumb/v7e-m/fpv4-sp/hard\libc_nano.a(lib_a-exit.o)
                              c:/st/stm32cubeide_1.4.0/stm32cubeide/plugins/com.st.stm32cube.ide.mcu.externaltools.gnu-tools-for-stm32.7-2018-q2-update.win32_1.4.0.202007081208/tools/bin/../lib/gcc/arm-none-eabi/7.3.1/../../../../arm-none-eabi/lib/thumb/v7e-m/fpv4-sp/hard/crt0.o (exit)
c:/st/stm32cubeide_1.4.0/stm32cubeide/plugins/com.st.stm32cube.ide.mcu.externaltools.gnu-tools-for-stm32.7-2018-q2-update.win32_1.4.0.202007081208/tools/bin/../lib/gcc/arm-none-eabi/7.3.1/../../../../arm-none-eabi/lib/thumb/v7e-m/fpv4-sp/hard\libc_nano.a(lib_a-impure.o)
                              c:/st/stm32cubeide_1.4.0/stm32cubeide/plugins/com.st.stm32cube.ide.mcu.externaltools.gnu-tools-for-stm32.7-2018-q2-update.win32_1.4.0.202007081208/tools/bin/../lib/gcc/arm-none-eabi/7.3.1/../../../../arm-none-eabi/lib/thumb/v7e-m/fpv4-sp/hard\libc_nano.a(lib_a-exit.o) (_global_impure_ptr)
c:/st/stm32cubeide_1.4.0/stm32cubeide/plugins/com.st.stm32cube.ide.mcu.externaltools.gnu-tools-for-stm32.7-2018-q2-update.win32_1.4.0.202007081208/tools/bin/../lib/gcc/arm-none-eabi/7.3.1/../../../../arm-none-eabi/lib/thumb/v7e-m/fpv4-sp/hard\libc_nano.a(lib_a-init.o)
                              c:/st/stm32cubeide_1.4.0/stm32cubeide/plugins/com.st.stm32cube.ide.mcu.externaltools.gnu-tools-for-stm32.7-2018-q2-update.win32_1.4.0.202007081208/tools/bin/../lib/gcc/arm-none-eabi/7.3.1/../../../../arm-none-eabi/lib/thumb/v7e-m/fpv4-sp/hard/crt0.o (__libc_init_array)
c:/st/stm32cubeide_1.4.0/stm32cubeide/plugins/com.st.stm32cube.ide.mcu.externaltools.gnu-tools-for-stm32.7-2018-q2-update.win32_1.4.0.202007081208/tools/bin/../lib/gcc/arm-none-eabi/7.3.1/../../../../arm-none-eabi/lib/thumb/v7e-m/fpv4-sp/hard\libc_nano.a(lib_a-memcpy-stub.o)
                              Core/Src/main.o (memcpy)
c:/st/stm32cubeide_1.4.0/stm32cubeide/plugins/com.st.stm32cube.ide.mcu.externaltools.gnu-tools-for-stm32.7-2018-q2-update.win32_1.4.0.202007081208/tools/bin/../lib/gcc/arm-none-eabi/7.3.1/../../../../arm-none-eabi/lib/thumb/v7e-m/fpv4-sp/hard\libc_nano.a(lib_a-memmove.o)
                              Core/Src/transmition_logic.o (memmove)
c:/st/stm32cubeide_1.4.0/stm32cubeide/plugins/com.st.stm32cube.ide.mcu.externaltools.gnu-tools-for-stm32.7-2018-q2-update.win32_1.4.0.202007081208/tools/bin/../lib/gcc/arm-none-eabi/7.3.1/../../../../arm-none-eabi/lib/thumb/v7e-m/fpv4-sp/hard\libc_nano.a(lib_a-memset.o)
                              c:/st/stm32cubeide_1.4.0/stm32cubeide/plugins/com.st.stm32cube.ide.mcu.externaltools.gnu-tools-for-stm32.7-2018-q2-update.win32_1.4.0.202007081208/tools/bin/../lib/gcc/arm-none-eabi/7.3.1/../../../../arm-none-eabi/lib/thumb/v7e-m/fpv4-sp/hard/crt0.o (memset)
c:/st/stm32cubeide_1.4.0/stm32cubeide/plugins/com.st.stm32cube.ide.mcu.externaltools.gnu-tools-for-stm32.7-2018-q2-update.win32_1.4.0.202007081208/tools/bin/../lib/gcc/arm-none-eabi/7.3.1/../../../../arm-none-eabi/lib/thumb/v7e-m/fpv4-sp/hard\libc_nano.a(lib_a-strlen.o)
                              Core/Src/transmition_logic.o (strlen)
c:/st/stm32cubeide_1.4.0/stm32cubeide/plugins/com.st.stm32cube.ide.mcu.externaltools.gnu-tools-for-stm32.7-2018-q2-update.win32_1.4.0.202007081208/tools/bin/../lib/gcc/arm-none-eabi/7.3.1/../../../../arm-none-eabi/lib/thumb/v7e-m/fpv4-sp/hard\libc_nano.a(lib_a-vsprintf.o)
                              Core/Src/transmition_logic.o (vsprintf)
c:/st/stm32cubeide_1.4.0/stm32cubeide/plugins/com.st.stm32cube.ide.mcu.externaltools.gnu-tools-for-stm32.7-2018-q2-update.win32_1.4.0.202007081208/tools/bin/../lib/gcc/arm-none-eabi/7.3.1/../../../../arm-none-eabi/lib/thumb/v7e-m/fpv4-sp/hard\libc_nano.a(lib_a-nano-svfprintf.o)
                              c:/st/stm32cubeide_1.4.0/stm32cubeide/plugins/com.st.stm32cube.ide.mcu.externaltools.gnu-tools-for-stm32.7-2018-q2-update.win32_1.4.0.202007081208/tools/bin/../lib/gcc/arm-none-eabi/7.3.1/../../../../arm-none-eabi/lib/thumb/v7e-m/fpv4-sp/hard\libc_nano.a(lib_a-vsprintf.o) (_svfprintf_r)
c:/st/stm32cubeide_1.4.0/stm32cubeide/plugins/com.st.stm32cube.ide.mcu.externaltools.gnu-tools-for-stm32.7-2018-q2-update.win32_1.4.0.202007081208/tools/bin/../lib/gcc/arm-none-eabi/7.3.1/../../../../arm-none-eabi/lib/thumb/v7e-m/fpv4-sp/hard\libc_nano.a(lib_a-nano-vfprintf_i.o)
[...]
Memory Configuration

Name             Origin             Length             Attributes
CCMRAM           0x0000000010000000 0x0000000000002000 xrw
RAM              0x0000000020000000 0x000000000000a000 xrw
FLASH            0x0000000008000000 0x0000000000040000 xr
*default*        0x0000000000000000 0xffffffffffffffff

Linker script and memory map

LOAD c:/st/stm32cubeide_1.4.0/stm32cubeide/plugins/com.st.stm32cube.ide.mcu.externaltools.gnu-tools-for-stm32.7-2018-q2-update.win32_1.4.0.202007081208/tools/bin/../lib/gcc/arm-none-eabi/7.3.1/thumb/v7e-m/fpv4-sp/hard/crti.o
LOAD c:/st/stm32cubeide_1.4.0/stm32cubeide/plugins/com.st.stm32cube.ide.mcu.externaltools.gnu-tools-for-stm32.7-2018-q2-update.win32_1.4.0.202007081208/tools/bin/../lib/gcc/arm-none-eabi/7.3.1/thumb/v7e-m/fpv4-sp/hard/crtbegin.o
LOAD c:/st/stm32cubeide_1.4.0/stm32cubeide/plugins/com.st.stm32cube.ide.mcu.externaltools.gnu-tools-for-stm32.7-2018-q2-update.win32_1.4.0.202007081208/tools/bin/../lib/gcc/arm-none-eabi/7.3.1/../../../../arm-none-eabi/lib/thumb/v7e-m/fpv4-sp/hard/crt0.o
LOAD Core/Src/checksum.o
LOAD Core/Src/encryption.o
LOAD Core/Src/main.o
LOAD Core/Src/meta_info.o
LOAD Core/Src/periphery.o
LOAD Core/Src/stm32f3xx_hal_msp.o
LOAD Core/Src/stm32f3xx_it.o
LOAD Core/Src/syscalls.o
LOAD Core/Src/sysmem.o
LOAD Core/Src/system_stm32f3xx.o
LOAD Core/Src/transmition_logic.o
LOAD Core/Startup/startup_stm32f303vctx.o
LOAD Drivers/STM32F3xx_HAL_Driver/Src/stm32f3xx_hal.o
LOAD Drivers/STM32F3xx_HAL_Driver/Src/stm32f3xx_hal_cortex.o
LOAD Drivers/STM32F3xx_HAL_Driver/Src/stm32f3xx_hal_dma.o
LOAD Drivers/STM32F3xx_HAL_Driver/Src/stm32f3xx_hal_exti.o
LOAD Drivers/STM32F3xx_HAL_Driver/Src/stm32f3xx_hal_flash.o
LOAD Drivers/STM32F3xx_HAL_Driver/Src/stm32f3xx_hal_flash_ex.o
LOAD Drivers/STM32F3xx_HAL_Driver/Src/stm32f3xx_hal_gpio.o
LOAD Drivers/STM32F3xx_HAL_Driver/Src/stm32f3xx_hal_i2c.o
LOAD Drivers/STM32F3xx_HAL_Driver/Src/stm32f3xx_hal_i2c_ex.o
LOAD Drivers/STM32F3xx_HAL_Driver/Src/stm32f3xx_hal_pwr.o
LOAD Drivers/STM32F3xx_HAL_Driver/Src/stm32f3xx_hal_pwr_ex.o
LOAD Drivers/STM32F3xx_HAL_Driver/Src/stm32f3xx_hal_rcc.o
LOAD Drivers/STM32F3xx_HAL_Driver/Src/stm32f3xx_hal_rcc_ex.o
LOAD Drivers/STM32F3xx_HAL_Driver/Src/stm32f3xx_hal_tim.o
LOAD Drivers/STM32F3xx_HAL_Driver/Src/stm32f3xx_hal_tim_ex.o
LOAD Drivers/STM32F3xx_HAL_Driver/Src/stm32f3xx_hal_uart.o
LOAD Drivers/STM32F3xx_HAL_Driver/Src/stm32f3xx_hal_uart_ex.o
LOAD Libraries/tiny-AES-c/aes.o
START GROUP
LOAD c:/st/stm32cubeide_1.4.0/stm32cubeide/plugins/com.st.stm32cube.ide.mcu.externaltools.gnu-tools-for-stm32.7-2018-q2-update.win32_1.4.0.202007081208/tools/bin/../lib/gcc/arm-none-eabi/7.3.1/../../../../arm-none-eabi/lib/thumb/v7e-m/fpv4-sp/hard\libc_nano.a
LOAD c:/st/stm32cubeide_1.4.0/stm32cubeide/plugins/com.st.stm32cube.ide.mcu.externaltools.gnu-tools-for-stm32.7-2018-q2-update.win32_1.4.0.202007081208/tools/bin/../lib/gcc/arm-none-eabi/7.3.1/../../../../arm-none-eabi/lib/thumb/v7e-m/fpv4-sp/hard\libm.a
END GROUP
START GROUP
LOAD c:/st/stm32cubeide_1.4.0/stm32cubeide/plugins/com.st.stm32cube.ide.mcu.externaltools.gnu-tools-for-stm32.7-2018-q2-update.win32_1.4.0.202007081208/tools/bin/../lib/gcc/arm-none-eabi/7.3.1/thumb/v7e-m/fpv4-sp/hard\libgcc.a
LOAD c:/st/stm32cubeide_1.4.0/stm32cubeide/plugins/com.st.stm32cube.ide.mcu.externaltools.gnu-tools-for-stm32.7-2018-q2-update.win32_1.4.0.202007081208/tools/bin/../lib/gcc/arm-none-eabi/7.3.1/../../../../arm-none-eabi/lib/thumb/v7e-m/fpv4-sp/hard\libc_nano.a
END GROUP
START GROUP
LOAD c:/st/stm32cubeide_1.4.0/stm32cubeide/plugins/com.st.stm32cube.ide.mcu.externaltools.gnu-tools-for-stm32.7-2018-q2-update.win32_1.4.0.202007081208/tools/bin/../lib/gcc/arm-none-eabi/7.3.1/thumb/v7e-m/fpv4-sp/hard\libgcc.a
LOAD c:/st/stm32cubeide_1.4.0/stm32cubeide/plugins/com.st.stm32cube.ide.mcu.externaltools.gnu-tools-for-stm32.7-2018-q2-update.win32_1.4.0.202007081208/tools/bin/../lib/gcc/arm-none-eabi/7.3.1/../../../../arm-none-eabi/lib/thumb/v7e-m/fpv4-sp/hard\libc_nano.a
LOAD c:/st/stm32cubeide_1.4.0/stm32cubeide/plugins/com.st.stm32cube.ide.mcu.externaltools.gnu-tools-for-stm32.7-2018-q2-update.win32_1.4.0.202007081208/tools/bin/../lib/gcc/arm-none-eabi/7.3.1/../../../../arm-none-eabi/lib/thumb/v7e-m/fpv4-sp/hard\libnosys.a
END GROUP
START GROUP
LOAD c:/st/stm32cubeide_1.4.0/stm32cubeide/plugins/com.st.stm32cube.ide.mcu.externaltools.gnu-tools-for-stm32.7-2018-q2-update.win32_1.4.0.202007081208/tools/bin/../lib/gcc/arm-none-eabi/7.3.1/thumb/v7e-m/fpv4-sp/hard\libgcc.a
LOAD c:/st/stm32cubeide_1.4.0/stm32cubeide/plugins/com.st.stm32cube.ide.mcu.externaltools.gnu-tools-for-stm32.7-2018-q2-update.win32_1.4.0.202007081208/tools/bin/../lib/gcc/arm-none-eabi/7.3.1/../../../../arm-none-eabi/lib/thumb/v7e-m/fpv4-sp/hard\libc_nano.a
LOAD c:/st/stm32cubeide_1.4.0/stm32cubeide/plugins/com.st.stm32cube.ide.mcu.externaltools.gnu-tools-for-stm32.7-2018-q2-update.win32_1.4.0.202007081208/tools/bin/../lib/gcc/arm-none-eabi/7.3.1/../../../../arm-none-eabi/lib/thumb/v7e-m/fpv4-sp/hard\libnosys.a
END GROUP
LOAD c:/st/stm32cubeide_1.4.0/stm32cubeide/plugins/com.st.stm32cube.ide.mcu.externaltools.gnu-tools-for-stm32.7-2018-q2-update.win32_1.4.0.202007081208/tools/bin/../lib/gcc/arm-none-eabi/7.3.1/thumb/v7e-m/fpv4-sp/hard/crtend.o
LOAD c:/st/stm32cubeide_1.4.0/stm32cubeide/plugins/com.st.stm32cube.ide.mcu.externaltools.gnu-tools-for-stm32.7-2018-q2-update.win32_1.4.0.202007081208/tools/bin/../lib/gcc/arm-none-eabi/7.3.1/thumb/v7e-m/fpv4-sp/hard/crtn.o
                0x000000002000a000                _estack = (ORIGIN (RAM) + LENGTH (RAM))
                0x0000000000000200                _Min_Heap_Size = 0x200
                0x0000000000000400                _Min_Stack_Size = 0x400
TARGET(binary)
LOAD ../key.bin

.isr_vector     0x0000000008000000      0x188
                0x0000000008000000                . = ALIGN (0x4)
 *(.isr_vector)
 .isr_vector    0x0000000008000000      0x188 Core/Startup/startup_stm32f303vctx.o
                0x0000000008000000                g_pfnVectors
                0x0000000008000188                . = ALIGN (0x4)

.bin_data       0x0000000008000188       0x20
                0x0000000008000188                symbol_1 = .
                0x0000000008000188                . = ALIGN (0x4)
 *(.bin_data)
                0x0000000008000188                . = ALIGN (0x4)
 ../key.bin()
 .data          0x0000000008000188       0x20 ../key.bin
                0x0000000008000188                _binary____key_bin_start
                0x00000000080001a8                _binary____key_bin_end

.text           0x00000000080001b0     0x53c4
                0x00000000080001b0                . = ALIGN (0x4)
 *(.text)
 .text          0x00000000080001b0       0x40 c:/st/stm32cubeide_1.4.0/stm32cubeide/plugins/com.st.stm32cube.ide.mcu.externaltools.gnu-tools-for-stm32.7-2018-q2-update.win32_1.4.0.202007081208/tools/bin/../lib/gcc/arm-none-eabi/7.3.1/thumb/v7e-m/fpv4-sp/hard/crtbegin.o
 .text          0x00000000080001f0       0x10 c:/st/stm32cubeide_1.4.0/stm32cubeide/plugins/com.st.stm32cube.ide.mcu.externaltools.gnu-tools-for-stm32.7-2018-q2-update.win32_1.4.0.202007081208/tools/bin/../lib/gcc/arm-none-eabi/7.3.1/../../../../arm-none-eabi/lib/thumb/v7e-m/fpv4-sp/hard\libc_nano.a(lib_a-strlen.o)
                0x00000000080001f0                strlen
 .text          0x0000000008000200       0xa0 c:/st/stm32cubeide_1.4.0/stm32cubeide/plugins/com.st.stm32cube.ide.mcu.externaltools.gnu-tools-for-stm32.7-2018-q2-update.win32_1.4.0.202007081208/tools/bin/../lib/gcc/arm-none-eabi/7.3.1/../../../../arm-none-eabi/lib/thumb/v7e-m/fpv4-sp/hard\libc_nano.a(lib_a-memchr.o)
                0x0000000008000200                memchr
 *(.text*)
 .text.crc32    0x00000000080002a0       0x7c Core/Src/checksum.o
                0x00000000080002a0                crc32
 .text.validate_program
                0x000000000800031c       0x2a Core/Src/checksum.o
                0x000000000800031c                validate_program
 .text.decrypt  0x0000000008000346       0x1e Core/Src/encryption.o
                0x0000000008000346                decrypt
 .text.encrypt  0x0000000008000364       0x1e Core/Src/encryption.o
                0x0000000008000364                encrypt
 .text.loop     0x0000000008000382        0x6 Core/Src/main.o
                0x0000000008000382                loop
 .text.main     0x0000000008000388      0x4c0 Core/Src/main.o
                0x0000000008000388                main
 .text.SystemClock_Config
                0x0000000008000848       0xa0 Core/Src/main.o
                0x0000000008000848                SystemClock_Config
 .text.MX_USART1_UART_Init
                0x00000000080008e8       0x68 Core/Src/main.o
 .text.MX_GPIO_Init
                0x0000000008000950       0x30 Core/Src/main.o
 .text.Error_Handler
                0x0000000008000980        0xe Core/Src/main.o
                0x0000000008000980                Error_Handler
 .text.readMetaInfo
                0x000000000800098e       0x1c Core/Src/meta_info.o
                0x000000000800098e                readMetaInfo
 .text.readKey  0x00000000080009aa       0x1c Core/Src/meta_info.o
                0x00000000080009aa                readKey
 .text.erasePages
                0x00000000080009c6       0x38 Core/Src/periphery.o
                0x00000000080009c6                erasePages
 *fill*         0x00000000080009fe        0x2 
 .text.changeSpeed
                0x0000000008000a00       0x30 Core/Src/periphery.o
                0x0000000008000a00                changeSpeed
 .text.bootloader_jump_to_user_app
                0x0000000008000a30       0x2c Core/Src/periphery.o
                0x0000000008000a30                bootloader_jump_to_user_app
 .text.__HAL_to_Status
                0x0000000008000a5c       0x36 Core/Src/periphery.o
                0x0000000008000a5c                __HAL_to_Status
 .text.storeBlock
                0x0000000008000a92       0x6e Core/Src/periphery.o
                0x0000000008000a92                storeBlock
 .text.transmit
                0x0000000008000b00       0x34 Core/Src/periphery.o
                0x0000000008000b00                transmit
 .text.receive  0x0000000008000b34       0x54 Core/Src/periphery.o
                0x0000000008000b34                receive
 .text.HAL_MspInit
                0x0000000008000b88       0x48 Core/Src/stm32f3xx_hal_msp.o
                0x0000000008000b88                HAL_MspInit
 .text.HAL_UART_MspInit
                0x0000000008000bd0       0x88 Core/Src/stm32f3xx_hal_msp.o
                0x0000000008000bd0                HAL_UART_MspInit
 .text.HAL_UART_MspDeInit
                0x0000000008000c58       0x3c Core/Src/stm32f3xx_hal_msp.o
                0x0000000008000c58                HAL_UART_MspDeInit
 .text.NMI_Handler
                0x0000000008000c94        0xe Core/Src/stm32f3xx_it.o
                0x0000000008000c94                NMI_Handler
 .text.HardFault_Handler
                0x0000000008000ca2        0x6 Core/Src/stm32f3xx_it.o
                0x0000000008000ca2                HardFault_Handler
 .text.MemManage_Handler
                0x0000000008000ca8        0x6 Core/Src/stm32f3xx_it.o
                0x0000000008000ca8                MemManage_Handler
 .text.BusFault_Handler
                0x0000000008000cae        0x6 Core/Src/stm32f3xx_it.o
                0x0000000008000cae                BusFault_Handler
 .text.UsageFault_Handler
                0x0000000008000cb4        0x6 Core/Src/stm32f3xx_it.o
                0x0000000008000cb4                UsageFault_Handler
 .text.SVC_Handler
                0x0000000008000cba        0xe Core/Src/stm32f3xx_it.o
                0x0000000008000cba                SVC_Handler
 .text.DebugMon_Handler
                0x0000000008000cc8        0xe Core/Src/stm32f3xx_it.o
                0x0000000008000cc8                DebugMon_Handler
 .text.PendSV_Handler
                0x0000000008000cd6        0xe Core/Src/stm32f3xx_it.o
                0x0000000008000cd6                PendSV_Handler
 .text.SysTick_Handler
                0x0000000008000ce4        0xc Core/Src/stm32f3xx_it.o
                0x0000000008000ce4                SysTick_Handler
 .text._sbrk    0x0000000008000cf0       0x6c Core/Src/sysmem.o
                0x0000000008000cf0                _sbrk
 .text.SystemInit
                0x0000000008000d5c       0x2c Core/Src/system_stm32f3xx.o
                0x0000000008000d5c                SystemInit
 .text.computeHeaderCrc
                0x0000000008000d88       0x1a Core/Src/transmition_logic.o
                0x0000000008000d88                computeHeaderCrc
 *fill*         0x0000000008000da2        0x2 
 .text.makeHeader
                0x0000000008000da4       0x38 Core/Src/transmition_logic.o
                0x0000000008000da4                makeHeader
 .text.verifyDataHeader
                0x0000000008000ddc       0x26 Core/Src/transmition_logic.o
                0x0000000008000ddc                verifyDataHeader
 .text.sendDataHeader
                0x0000000008000e02       0x2e Core/Src/transmition_logic.o
                0x0000000008000e02                sendDataHeader
 .text.sendFullPacket
                0x0000000008000e30       0x6a Core/Src/transmition_logic.o
                0x0000000008000e30                sendFullPacket
 .text.receiveDataHeader
                0x0000000008000e9a       0x2c Core/Src/transmition_logic.o
                0x0000000008000e9a                receiveDataHeader
 .text.receiveFullPacket
                0x0000000008000ec6       0x74 Core/Src/transmition_logic.o
                0x0000000008000ec6                receiveFullPacket
 *fill*         0x0000000008000f3a        0x2 
 .text.sendData
                0x0000000008000f3c      0x140 Core/Src/transmition_logic.o
                0x0000000008000f3c                sendData
 .text.sendAck  0x000000000800107c       0x2c Core/Src/transmition_logic.o
                0x000000000800107c                sendAck
 .text.receiveData
                0x00000000080010a8      0x13c Core/Src/transmition_logic.o
                0x00000000080010a8                receiveData
 .text.askForNextBlock
                0x00000000080011e4       0x3a Core/Src/transmition_logic.o
                0x00000000080011e4                askForNextBlock
 .text.sendReadyToNextCommand
                0x000000000800121e       0x2c Core/Src/transmition_logic.o
                0x000000000800121e                sendReadyToNextCommand
 .text.HAL_printf
                0x000000000800124a       0x76 Core/Src/transmition_logic.o
                0x000000000800124a                HAL_printf
 .text.startSession
                0x00000000080012c0       0x3e Core/Src/transmition_logic.o
                0x00000000080012c0                startSession
 *fill*         0x00000000080012fe        0x2 
 .text.Reset_Handler
                0x0000000008001300       0x50 Core/Startup/startup_stm32f303vctx.o
                0x0000000008001300                Reset_Handler
 .text.Default_Handler
                0x0000000008001350        0x2 Core/Startup/startup_stm32f303vctx.o
                0x0000000008001350                RTC_Alarm_IRQHandler
                0x0000000008001350                TIM8_TRG_COM_IRQHandler
                0x0000000008001350                TIM8_CC_IRQHandler
                0x0000000008001350                TIM1_CC_IRQHandler
                0x0000000008001350                USB_HP_IRQHandler
                0x0000000008001350                PVD_IRQHandler
                0x0000000008001350                TAMP_STAMP_IRQHandler
                0x0000000008001350                EXTI3_IRQHandler
                0x0000000008001350                USB_HP_CAN_TX_IRQHandler
                0x0000000008001350                EXTI0_IRQHandler
                0x0000000008001350                I2C2_EV_IRQHandler
                0x0000000008001350                FPU_IRQHandler
                0x0000000008001350                TIM1_UP_TIM16_IRQHandler
                0x0000000008001350                ADC1_2_IRQHandler
                0x0000000008001350                SPI1_IRQHandler
                0x0000000008001350                CAN_SCE_IRQHandler
                0x0000000008001350                TIM6_DAC_IRQHandler
                0x0000000008001350                TIM8_UP_IRQHandler
                0x0000000008001350                DMA2_Channel2_IRQHandler
                0x0000000008001350                DMA1_Channel4_IRQHandler
                0x0000000008001350                USART3_IRQHandler
                0x0000000008001350                DMA1_Channel7_IRQHandler
                0x0000000008001350                UART5_IRQHandler
                0x0000000008001350                ADC3_IRQHandler
                0x0000000008001350                TIM4_IRQHandler
                0x0000000008001350                CAN_RX1_IRQHandler
                0x0000000008001350                DMA2_Channel1_IRQHandler
                0x0000000008001350                I2C1_EV_IRQHandler
                0x0000000008001350                DMA1_Channel6_IRQHandler
                0x0000000008001350                UART4_IRQHandler
                0x0000000008001350                DMA2_Channel4_IRQHandler
                0x0000000008001350                TIM3_IRQHandler
                0x0000000008001350                RCC_IRQHandler
                0x0000000008001350                DMA1_Channel1_IRQHandler
                0x0000000008001350                Default_Handler
                0x0000000008001350                USBWakeUp_RMP_IRQHandler
                0x0000000008001350                EXTI15_10_IRQHandler
                0x0000000008001350                TIM7_IRQHandler
                0x0000000008001350                EXTI9_5_IRQHandler
                0x0000000008001350                RTC_WKUP_IRQHandler
                0x0000000008001350                SPI2_IRQHandler
                0x0000000008001350                USB_LP_CAN_RX0_IRQHandler
                0x0000000008001350                DMA2_Channel5_IRQHandler
                0x0000000008001350                DMA1_Channel5_IRQHandler
                0x0000000008001350                USB_LP_IRQHandler
                0x0000000008001350                EXTI4_IRQHandler
                0x0000000008001350                TIM1_TRG_COM_TIM17_IRQHandler
                0x0000000008001350                DMA1_Channel3_IRQHandler
                0x0000000008001350                ADC4_IRQHandler
                0x0000000008001350                WWDG_IRQHandler
                0x0000000008001350                TIM2_IRQHandler
                0x0000000008001350                COMP7_IRQHandler
                0x0000000008001350                COMP1_2_3_IRQHandler
                0x0000000008001350                EXTI1_IRQHandler
                0x0000000008001350                USART2_IRQHandler
                0x0000000008001350                COMP4_5_6_IRQHandler
                0x0000000008001350                I2C2_ER_IRQHandler
                0x0000000008001350                DMA1_Channel2_IRQHandler
                0x0000000008001350                TIM8_BRK_IRQHandler
                0x0000000008001350                FLASH_IRQHandler
                0x0000000008001350                USART1_IRQHandler
                0x0000000008001350                SPI3_IRQHandler
                0x0000000008001350                I2C1_ER_IRQHandler
                0x0000000008001350                USBWakeUp_IRQHandler
                0x0000000008001350                DMA2_Channel3_IRQHandler
                0x0000000008001350                EXTI2_TSC_IRQHandler
                0x0000000008001350                TIM1_BRK_TIM15_IRQHandler
 *fill*         0x0000000008001352        0x2 
 .text.HAL_Init
                0x0000000008001354       0x2c Drivers/STM32F3xx_HAL_Driver/Src/stm32f3xx_hal.o
                0x0000000008001354                HAL_Init
 .text.HAL_InitTick
                0x0000000008001380       0x60 Drivers/STM32F3xx_HAL_Driver/Src/stm32f3xx_hal.o
                0x0000000008001380                HAL_InitTick
 .text.HAL_IncTick
                0x00000000080013e0       0x28 Drivers/STM32F3xx_HAL_Driver/Src/stm32f3xx_hal.o
                0x00000000080013e0                HAL_IncTick
 .text.HAL_GetTick
                0x0000000008001408       0x18 Drivers/STM32F3xx_HAL_Driver/Src/stm32f3xx_hal.o
                0x0000000008001408                HAL_GetTick
 .text.__NVIC_SetPriorityGrouping
                0x0000000008001420       0x48 Drivers/STM32F3xx_HAL_Driver/Src/stm32f3xx_hal_cortex.o
 .text.__NVIC_GetPriorityGrouping
                0x0000000008001468       0x1c Drivers/STM32F3xx_HAL_Driver/Src/stm32f3xx_hal_cortex.o
 .text.__NVIC_SetPriority
                0x0000000008001484       0x54 Drivers/STM32F3xx_HAL_Driver/Src/stm32f3xx_hal_cortex.o
 .text.NVIC_EncodePriority
                0x00000000080014d8       0x66 Drivers/STM32F3xx_HAL_Driver/Src/stm32f3xx_hal_cortex.o
 *fill*         0x000000000800153e        0x2 
 .text.SysTick_Config
                0x0000000008001540       0x44 Drivers/STM32F3xx_HAL_Driver/Src/stm32f3xx_hal_cortex.o
 .text.HAL_NVIC_SetPriorityGrouping
                0x0000000008001584       0x16 Drivers/STM32F3xx_HAL_Driver/Src/stm32f3xx_hal_cortex.o
                0x0000000008001584                HAL_NVIC_SetPriorityGrouping
 .text.HAL_NVIC_SetPriority
                0x000000000800159a       0x38 Drivers/STM32F3xx_HAL_Driver/Src/stm32f3xx_hal_cortex.o
                0x000000000800159a                HAL_NVIC_SetPriority
 .text.HAL_SYSTICK_Config
                0x00000000080015d2       0x18 Drivers/STM32F3xx_HAL_Driver/Src/stm32f3xx_hal_cortex.o
                0x00000000080015d2                HAL_SYSTICK_Config
 *fill*         0x00000000080015ea        0x2 
 .text.HAL_FLASH_Program
                0x00000000080015ec       0xe0 Drivers/STM32F3xx_HAL_Driver/Src/stm32f3xx_hal_flash.o
                0x00000000080015ec                HAL_FLASH_Program
 .text.HAL_FLASH_Unlock
                0x00000000080016cc       0x4c Drivers/STM32F3xx_HAL_Driver/Src/stm32f3xx_hal_flash.o
                0x00000000080016cc                HAL_FLASH_Unlock
 .text.HAL_FLASH_Lock
                0x0000000008001718       0x20 Drivers/STM32F3xx_HAL_Driver/Src/stm32f3xx_hal_flash.o
                0x0000000008001718                HAL_FLASH_Lock
 .text.FLASH_Program_HalfWord
                0x0000000008001738       0x38 Drivers/STM32F3xx_HAL_Driver/Src/stm32f3xx_hal_flash.o
 .text.FLASH_WaitForLastOperation
                0x0000000008001770       0x80 Drivers/STM32F3xx_HAL_Driver/Src/stm32f3xx_hal_flash.o
                0x0000000008001770                FLASH_WaitForLastOperation
 .text.FLASH_SetErrorCode
                0x00000000080017f0       0x64 Drivers/STM32F3xx_HAL_Driver/Src/stm32f3xx_hal_flash.o
 .text.HAL_FLASHEx_Erase
                0x0000000008001854       0xd4 Drivers/STM32F3xx_HAL_Driver/Src/stm32f3xx_hal_flash_ex.o
                0x0000000008001854                HAL_FLASHEx_Erase
 .text.FLASH_MassErase
                0x0000000008001928       0x34 Drivers/STM32F3xx_HAL_Driver/Src/stm32f3xx_hal_flash_ex.o
 .text.FLASH_PageErase
                0x000000000800195c       0x40 Drivers/STM32F3xx_HAL_Driver/Src/stm32f3xx_hal_flash_ex.o
                0x000000000800195c                FLASH_PageErase
 .text.HAL_GPIO_Init
                0x000000000800199c      0x2f4 Drivers/STM32F3xx_HAL_Driver/Src/stm32f3xx_hal_gpio.o
                0x000000000800199c                HAL_GPIO_Init
 .text.HAL_GPIO_DeInit
                0x0000000008001c90      0x1b4 Drivers/STM32F3xx_HAL_Driver/Src/stm32f3xx_hal_gpio.o
                0x0000000008001c90                HAL_GPIO_DeInit
 .text.HAL_RCC_OscConfig
                0x0000000008001e44      0xe10 Drivers/STM32F3xx_HAL_Driver/Src/stm32f3xx_hal_rcc.o
                0x0000000008001e44                HAL_RCC_OscConfig
 .text.HAL_RCC_ClockConfig
                0x0000000008002c54      0x2f8 Drivers/STM32F3xx_HAL_Driver/Src/stm32f3xx_hal_rcc.o
                0x0000000008002c54                HAL_RCC_ClockConfig
 .text.HAL_RCC_GetSysClockFreq
                0x0000000008002f4c       0xd4 Drivers/STM32F3xx_HAL_Driver/Src/stm32f3xx_hal_rcc.o
                0x0000000008002f4c                HAL_RCC_GetSysClockFreq
 .text.HAL_RCC_GetHCLKFreq
                0x0000000008003020       0x18 Drivers/STM32F3xx_HAL_Driver/Src/stm32f3xx_hal_rcc.o
                0x0000000008003020                HAL_RCC_GetHCLKFreq
 .text.HAL_RCC_GetPCLK1Freq
                0x0000000008003038       0x44 Drivers/STM32F3xx_HAL_Driver/Src/stm32f3xx_hal_rcc.o
                0x0000000008003038                HAL_RCC_GetPCLK1Freq
 .text.HAL_RCC_GetPCLK2Freq
                0x000000000800307c       0x44 Drivers/STM32F3xx_HAL_Driver/Src/stm32f3xx_hal_rcc.o
                0x000000000800307c                HAL_RCC_GetPCLK2Freq
 .text.HAL_RCCEx_PeriphCLKConfig
                0x00000000080030c0      0x360 Drivers/STM32F3xx_HAL_Driver/Src/stm32f3xx_hal_rcc_ex.o
                0x00000000080030c0                HAL_RCCEx_PeriphCLKConfig
 .text.HAL_UART_Init
                0x0000000008003420       0x9c Drivers/STM32F3xx_HAL_Driver/Src/stm32f3xx_hal_uart.o
                0x0000000008003420                HAL_UART_Init
 .text.HAL_UART_DeInit
                0x00000000080034bc       0x6a Drivers/STM32F3xx_HAL_Driver/Src/stm32f3xx_hal_uart.o
                0x00000000080034bc                HAL_UART_DeInit
 .text.HAL_UART_Transmit
                0x0000000008003526      0x126 Drivers/STM32F3xx_HAL_Driver/Src/stm32f3xx_hal_uart.o
                0x0000000008003526                HAL_UART_Transmit
 .text.HAL_UART_Receive
                0x000000000800364c      0x174 Drivers/STM32F3xx_HAL_Driver/Src/stm32f3xx_hal_uart.o
                0x000000000800364c                HAL_UART_Receive
 .text.UART_SetConfig
                0x00000000080037c0      0x434 Drivers/STM32F3xx_HAL_Driver/Src/stm32f3xx_hal_uart.o
                0x00000000080037c0                UART_SetConfig
 .text.UART_AdvFeatureConfig
                0x0000000008003bf4      0x144 Drivers/STM32F3xx_HAL_Driver/Src/stm32f3xx_hal_uart.o
                0x0000000008003bf4                UART_AdvFeatureConfig
 .text.UART_CheckIdleState
                0x0000000008003d38       0x8a Drivers/STM32F3xx_HAL_Driver/Src/stm32f3xx_hal_uart.o
                0x0000000008003d38                UART_CheckIdleState
 .text.UART_WaitOnFlagUntilTimeout
                0x0000000008003dc2       0xf6 Drivers/STM32F3xx_HAL_Driver/Src/stm32f3xx_hal_uart.o
                0x0000000008003dc2                UART_WaitOnFlagUntilTimeout
 .text.KeyExpansion
                0x0000000008003eb8      0x1d8 Libraries/tiny-AES-c/aes.o
 .text.AES_init_ctx_iv
                0x0000000008004090       0x2c Libraries/tiny-AES-c/aes.o
                0x0000000008004090                AES_init_ctx_iv
 .text.AddRoundKey
                0x00000000080040bc       0x76 Libraries/tiny-AES-c/aes.o
 *fill*         0x0000000008004132        0x2 
 .text.SubBytes
                0x0000000008004134       0x60 Libraries/tiny-AES-c/aes.o
 .text.ShiftRows
                0x0000000008004194       0x84 Libraries/tiny-AES-c/aes.o
 .text.xtime    0x0000000008004218       0x3c Libraries/tiny-AES-c/aes.o
 .text.MixColumns
                0x0000000008004254      0x168 Libraries/tiny-AES-c/aes.o
 .text.InvMixColumns
                0x00000000080043bc      0x696 Libraries/tiny-AES-c/aes.o
 *fill*         0x0000000008004a52        0x2 
 .text.InvSubBytes
                0x0000000008004a54       0x60 Libraries/tiny-AES-c/aes.o
 .text.InvShiftRows
                0x0000000008004ab4       0x84 Libraries/tiny-AES-c/aes.o
 .text.Cipher   0x0000000008004b38       0x5c Libraries/tiny-AES-c/aes.o
 .text.InvCipher
                0x0000000008004b94       0x52 Libraries/tiny-AES-c/aes.o
 .text.XorWithIv
                0x0000000008004be6       0x44 Libraries/tiny-AES-c/aes.o
 .text.AES_CBC_encrypt_buffer
                0x0000000008004c2a       0x58 Libraries/tiny-AES-c/aes.o
                0x0000000008004c2a                AES_CBC_encrypt_buffer
 .text.AES_CBC_decrypt_buffer
                0x0000000008004c82       0x68 Libraries/tiny-AES-c/aes.o
                0x0000000008004c82                AES_CBC_decrypt_buffer
 *fill*         0x0000000008004cea        0x2 
 .text.__errno  0x0000000008004cec        0xc c:/st/stm32cubeide_1.4.0/stm32cubeide/plugins/com.st.stm32cube.ide.mcu.externaltools.gnu-tools-for-stm32.7-2018-q2-update.win32_1.4.0.202007081208/tools/bin/../lib/gcc/arm-none-eabi/7.3.1/../../../../arm-none-eabi/lib/thumb/v7e-m/fpv4-sp/hard\libc_nano.a(lib_a-errno.o)
                0x0000000008004cec                __errno
 .text.__libc_init_array
                0x0000000008004cf8       0x48 c:/st/stm32cubeide_1.4.0/stm32cubeide/plugins/com.st.stm32cube.ide.mcu.externaltools.gnu-tools-for-stm32.7-2018-q2-update.win32_1.4.0.202007081208/tools/bin/../lib/gcc/arm-none-eabi/7.3.1/../../../../arm-none-eabi/lib/thumb/v7e-m/fpv4-sp/hard\libc_nano.a(lib_a-init.o)
                0x0000000008004cf8                __libc_init_array
 .text.memcpy   0x0000000008004d40       0x16 c:/st/stm32cubeide_1.4.0/stm32cubeide/plugins/com.st.stm32cube.ide.mcu.externaltools.gnu-tools-for-stm32.7-2018-q2-update.win32_1.4.0.202007081208/tools/bin/../lib/gcc/arm-none-eabi/7.3.1/../../../../arm-none-eabi/lib/thumb/v7e-m/fpv4-sp/hard\libc_nano.a(lib_a-memcpy-stub.o)
                0x0000000008004d40                memcpy
 .text.memmove  0x0000000008004d56       0x32 c:/st/stm32cubeide_1.4.0/stm32cubeide/plugins/com.st.stm32cube.ide.mcu.externaltools.gnu-tools-for-stm32.7-2018-q2-update.win32_1.4.0.202007081208/tools/bin/../lib/gcc/arm-none-eabi/7.3.1/../../../../arm-none-eabi/lib/thumb/v7e-m/fpv4-sp/hard\libc_nano.a(lib_a-memmove.o)
                0x0000000008004d56                memmove
 .text.memset   0x0000000008004d88       0x10 c:/st/stm32cubeide_1.4.0/stm32cubeide/plugins/com.st.stm32cube.ide.mcu.externaltools.gnu-tools-for-stm32.7-2018-q2-update.win32_1.4.0.202007081208/tools/bin/../lib/gcc/arm-none-eabi/7.3.1/../../../../arm-none-eabi/lib/thumb/v7e-m/fpv4-sp/hard\libc_nano.a(lib_a-memset.o)
                0x0000000008004d88                memset
 .text._vsprintf_r
                0x0000000008004d98       0x2c c:/st/stm32cubeide_1.4.0/stm32cubeide/plugins/com.st.stm32cube.ide.mcu.externaltools.gnu-tools-for-stm32.7-2018-q2-update.win32_1.4.0.202007081208/tools/bin/../lib/gcc/arm-none-eabi/7.3.1/../../../../arm-none-eabi/lib/thumb/v7e-m/fpv4-sp/hard\libc_nano.a(lib_a-vsprintf.o)
                0x0000000008004d98                _vsprintf_r
                0x0000000008004d98                _vsiprintf_r
 .text.vsprintf
                0x0000000008004dc4       0x14 c:/st/stm32cubeide_1.4.0/stm32cubeide/plugins/com.st.stm32cube.ide.mcu.externaltools.gnu-tools-for-stm32.7-2018-q2-update.win32_1.4.0.202007081208/tools/bin/../lib/gcc/arm-none-eabi/7.3.1/../../../../arm-none-eabi/lib/thumb/v7e-m/fpv4-sp/hard\libc_nano.a(lib_a-vsprintf.o)
                0x0000000008004dc4                vsiprintf
                0x0000000008004dc4                vsprintf
 .text.__ssputs_r
                0x0000000008004dd8       0xb4 c:/st/stm32cubeide_1.4.0/stm32cubeide/plugins/com.st.stm32cube.ide.mcu.externaltools.gnu-tools-for-stm32.7-2018-q2-update.win32_1.4.0.202007081208/tools/bin/../lib/gcc/arm-none-eabi/7.3.1/../../../../arm-none-eabi/lib/thumb/v7e-m/fpv4-sp/hard\libc_nano.a(lib_a-nano-svfprintf.o)
                0x0000000008004dd8                __ssputs_r
 .text._svfprintf_r
                0x0000000008004e8c      0x1f0 c:/st/stm32cubeide_1.4.0/stm32cubeide/plugins/com.st.stm32cube.ide.mcu.externaltools.gnu-tools-for-stm32.7-2018-q2-update.win32_1.4.0.202007081208/tools/bin/../lib/gcc/arm-none-eabi/7.3.1/../../../../arm-none-eabi/lib/thumb/v7e-m/fpv4-sp/hard\libc_nano.a(lib_a-nano-svfprintf.o)
                0x0000000008004e8c                _svfiprintf_r
                0x0000000008004e8c                _svfprintf_r
 .text._printf_common
                0x000000000800507c       0xea c:/st/stm32cubeide_1.4.0/stm32cubeide/plugins/com.st.stm32cube.ide.mcu.externaltools.gnu-tools-for-stm32.7-2018-q2-update.win32_1.4.0.202007081208/tools/bin/../lib/gcc/arm-none-eabi/7.3.1/../../../../arm-none-eabi/lib/thumb/v7e-m/fpv4-sp/hard\libc_nano.a(lib_a-nano-vfprintf_i.o)
                0x000000000800507c                _printf_common
 *fill*         0x0000000008005166        0x2 
 .text._printf_i
                0x0000000008005168      0x224 c:/st/stm32cubeide_1.4.0/stm32cubeide/plugins/com.st.stm32cube.ide.mcu.externaltools.gnu-tools-for-stm32.7-2018-q2-update.win32_1.4.0.202007081208/tools/bin/../lib/gcc/arm-none-eabi/7.3.1/../../../../arm-none-eabi/lib/thumb/v7e-m/fpv4-sp/hard\libc_nano.a(lib_a-nano-vfprintf_i.o)
                0x0000000008005168                _printf_i
 .text._free_r  0x000000000800538c       0x9c c:/st/stm32cubeide_1.4.0/stm32cubeide/plugins/com.st.stm32cube.ide.mcu.externaltools.gnu-tools-for-stm32.7-2018-q2-update.win32_1.4.0.202007081208/tools/bin/../lib/gcc/arm-none-eabi/7.3.1/../../../../arm-none-eabi/lib/thumb/v7e-m/fpv4-sp/hard\libc_nano.a(lib_a-nano-freer.o)
                0x000000000800538c                _free_r
 .text._malloc_r
                0x0000000008005428       0xb4 c:/st/stm32cubeide_1.4.0/stm32cubeide/plugins/com.st.stm32cube.ide.mcu.externaltools.gnu-tools-for-stm32.7-2018-q2-update.win32_1.4.0.202007081208/tools/bin/../lib/gcc/arm-none-eabi/7.3.1/../../../../arm-none-eabi/lib/thumb/v7e-m/fpv4-sp/hard\libc_nano.a(lib_a-nano-mallocr.o)
                0x0000000008005428                _malloc_r
 .text._realloc_r
                0x00000000080054dc       0x4c c:/st/stm32cubeide_1.4.0/stm32cubeide/plugins/com.st.stm32cube.ide.mcu.externaltools.gnu-tools-for-stm32.7-2018-q2-update.win32_1.4.0.202007081208/tools/bin/../lib/gcc/arm-none-eabi/7.3.1/../../../../arm-none-eabi/lib/thumb/v7e-m/fpv4-sp/hard\libc_nano.a(lib_a-nano-reallocr.o)
                0x00000000080054dc                _realloc_r
 .text._sbrk_r  0x0000000008005528       0x20 c:/st/stm32cubeide_1.4.0/stm32cubeide/plugins/com.st.stm32cube.ide.mcu.externaltools.gnu-tools-for-stm32.7-2018-q2-update.win32_1.4.0.202007081208/tools/bin/../lib/gcc/arm-none-eabi/7.3.1/../../../../arm-none-eabi/lib/thumb/v7e-m/fpv4-sp/hard\libc_nano.a(lib_a-sbrkr.o)
                0x0000000008005528                _sbrk_r
 .text.__malloc_lock
                0x0000000008005548        0x2 c:/st/stm32cubeide_1.4.0/stm32cubeide/plugins/com.st.stm32cube.ide.mcu.externaltools.gnu-tools-for-stm32.7-2018-q2-update.win32_1.4.0.202007081208/tools/bin/../lib/gcc/arm-none-eabi/7.3.1/../../../../arm-none-eabi/lib/thumb/v7e-m/fpv4-sp/hard\libc_nano.a(lib_a-mlock.o)
                0x0000000008005548                __malloc_lock
 .text.__malloc_unlock
                0x000000000800554a        0x2 c:/st/stm32cubeide_1.4.0/stm32cubeide/plugins/com.st.stm32cube.ide.mcu.externaltools.gnu-tools-for-stm32.7-2018-q2-update.win32_1.4.0.202007081208/tools/bin/../lib/gcc/arm-none-eabi/7.3.1/../../../../arm-none-eabi/lib/thumb/v7e-m/fpv4-sp/hard\libc_nano.a(lib_a-mlock.o)
                0x000000000800554a                __malloc_unlock
 .text._malloc_usable_size_r
                0x000000000800554c       0x10 c:/st/stm32cubeide_1.4.0/stm32cubeide/plugins/com.st.stm32cube.ide.mcu.externaltools.gnu-tools-for-stm32.7-2018-q2-update.win32_1.4.0.202007081208/tools/bin/../lib/gcc/arm-none-eabi/7.3.1/../../../../arm-none-eabi/lib/thumb/v7e-m/fpv4-sp/hard\libc_nano.a(lib_a-nano-msizer.o)
                0x000000000800554c                _malloc_usable_size_r
 *(.glue_7)
 .glue_7        0x000000000800555c        0x0 linker stubs
 *(.glue_7t)
 .glue_7t       0x000000000800555c        0x0 linker stubs
 *(.eh_frame)
 .eh_frame      0x000000000800555c        0x0 c:/st/stm32cubeide_1.4.0/stm32cubeide/plugins/com.st.stm32cube.ide.mcu.externaltools.gnu-tools-for-stm32.7-2018-q2-update.win32_1.4.0.202007081208/tools/bin/../lib/gcc/arm-none-eabi/7.3.1/thumb/v7e-m/fpv4-sp/hard/crtbegin.o
 *(.init)
 .init          0x000000000800555c        0x4 c:/st/stm32cubeide_1.4.0/stm32cubeide/plugins/com.st.stm32cube.ide.mcu.externaltools.gnu-tools-for-stm32.7-2018-q2-update.win32_1.4.0.202007081208/tools/bin/../lib/gcc/arm-none-eabi/7.3.1/thumb/v7e-m/fpv4-sp/hard/crti.o
                0x000000000800555c                _init
 .init          0x0000000008005560        0x8 c:/st/stm32cubeide_1.4.0/stm32cubeide/plugins/com.st.stm32cube.ide.mcu.externaltools.gnu-tools-for-stm32.7-2018-q2-update.win32_1.4.0.202007081208/tools/bin/../lib/gcc/arm-none-eabi/7.3.1/thumb/v7e-m/fpv4-sp/hard/crtn.o
 *(.fini)
 .fini          0x0000000008005568        0x4 c:/st/stm32cubeide_1.4.0/stm32cubeide/plugins/com.st.stm32cube.ide.mcu.externaltools.gnu-tools-for-stm32.7-2018-q2-update.win32_1.4.0.202007081208/tools/bin/../lib/gcc/arm-none-eabi/7.3.1/thumb/v7e-m/fpv4-sp/hard/crti.o
                0x0000000008005568                _fini
 .fini          0x000000000800556c        0x8 c:/st/stm32cubeide_1.4.0/stm32cubeide/plugins/com.st.stm32cube.ide.mcu.externaltools.gnu-tools-for-stm32.7-2018-q2-update.win32_1.4.0.202007081208/tools/bin/../lib/gcc/arm-none-eabi/7.3.1/thumb/v7e-m/fpv4-sp/hard/crtn.o
                0x0000000008005574                . = ALIGN (0x4)
                0x0000000008005574                _etext = .

.vfp11_veneer   0x0000000008005574        0x0
 .vfp11_veneer  0x0000000008005574        0x0 linker stubs

.v4_bx          0x0000000008005574        0x0
 .v4_bx         0x0000000008005574        0x0 linker stubs

.iplt           0x0000000008005574        0x0
 .iplt          0x0000000008005574        0x0 c:/st/stm32cubeide_1.4.0/stm32cubeide/plugins/com.st.stm32cube.ide.mcu.externaltools.gnu-tools-for-stm32.7-2018-q2-update.win32_1.4.0.202007081208/tools/bin/../lib/gcc/arm-none-eabi/7.3.1/thumb/v7e-m/fpv4-sp/hard/crtbegin.o

.rodata         0x0000000008005574      0x4a4
                0x0000000008005574                . = ALIGN (0x4)
 *(.rodata)
 .rodata        0x0000000008005574      0x22b Core/Src/main.o
 *(.rodata*)
 *fill*         0x000000000800579f        0x1 
 .rodata.AHBPrescTable
                0x00000000080057a0       0x10 Core/Src/system_stm32f3xx.o
                0x00000000080057a0                AHBPrescTable
 .rodata.APBPrescTable
                0x00000000080057b0        0x8 Core/Src/system_stm32f3xx.o
                0x00000000080057b0                APBPrescTable
 .rodata.aPLLMULFactorTable
                0x00000000080057b8       0x10 Drivers/STM32F3xx_HAL_Driver/Src/stm32f3xx_hal_rcc.o
                0x00000000080057b8                aPLLMULFactorTable
 .rodata.aPredivFactorTable
                0x00000000080057c8       0x10 Drivers/STM32F3xx_HAL_Driver/Src/stm32f3xx_hal_rcc.o
                0x00000000080057c8                aPredivFactorTable
 .rodata.sbox   0x00000000080057d8      0x100 Libraries/tiny-AES-c/aes.o
 .rodata.rsbox  0x00000000080058d8      0x100 Libraries/tiny-AES-c/aes.o
 .rodata.Rcon   0x00000000080059d8        0xb Libraries/tiny-AES-c/aes.o
 .rodata._svfprintf_r.str1.1
                0x00000000080059e3       0x11 c:/st/stm32cubeide_1.4.0/stm32cubeide/plugins/com.st.stm32cube.ide.mcu.externaltools.gnu-tools-for-stm32.7-2018-q2-update.win32_1.4.0.202007081208/tools/bin/../lib/gcc/arm-none-eabi/7.3.1/../../../../arm-none-eabi/lib/thumb/v7e-m/fpv4-sp/hard\libc_nano.a(lib_a-nano-svfprintf.o)
 .rodata._printf_i.str1.1
                0x00000000080059f4       0x22 c:/st/stm32cubeide_1.4.0/stm32cubeide/plugins/com.st.stm32cube.ide.mcu.externaltools.gnu-tools-for-stm32.7-2018-q2-update.win32_1.4.0.202007081208/tools/bin/../lib/gcc/arm-none-eabi/7.3.1/../../../../arm-none-eabi/lib/thumb/v7e-m/fpv4-sp/hard\libc_nano.a(lib_a-nano-vfprintf_i.o)
                0x0000000008005a18                . = ALIGN (0x4)
 *fill*         0x0000000008005a16        0x2 

.rel.dyn        0x0000000008005a18        0x0
 .rel.iplt      0x0000000008005a18        0x0 c:/st/stm32cubeide_1.4.0/stm32cubeide/plugins/com.st.stm32cube.ide.mcu.externaltools.gnu-tools-for-stm32.7-2018-q2-update.win32_1.4.0.202007081208/tools/bin/../lib/gcc/arm-none-eabi/7.3.1/thumb/v7e-m/fpv4-sp/hard/crtbegin.o

.ARM.extab      0x0000000008005a18        0x0
                0x0000000008005a18                . = ALIGN (0x4)
 *(.ARM.extab* .gnu.linkonce.armextab.*)
                0x0000000008005a18                . = ALIGN (0x4)

.ARM            0x0000000008005a18        0x0
                0x0000000008005a18                . = ALIGN (0x4)
                0x0000000008005a18                __exidx_start = .
 *(.ARM.exidx*)
                0x0000000008005a18                __exidx_end = .
                0x0000000008005a18                . = ALIGN (0x4)

.preinit_array  0x0000000008005a18        0x0
                0x0000000008005a18                . = ALIGN (0x4)
                0x0000000008005a18                PROVIDE (__preinit_array_start = .)
 *(.preinit_array*)
                0x0000000008005a18                PROVIDE (__preinit_array_end = .)
                0x0000000008005a18                . = ALIGN (0x4)

.init_array     0x0000000008005a18        0x4
                0x0000000008005a18                . = ALIGN (0x4)
                0x0000000008005a18                PROVIDE (__init_array_start = .)
 *(SORT_BY_NAME(.init_array.*))
 *(.init_array*)
 .init_array    0x0000000008005a18        0x4 c:/st/stm32cubeide_1.4.0/stm32cubeide/plugins/com.st.stm32cube.ide.mcu.externaltools.gnu-tools-for-stm32.7-2018-q2-update.win32_1.4.0.202007081208/tools/bin/../lib/gcc/arm-none-eabi/7.3.1/thumb/v7e-m/fpv4-sp/hard/crtbegin.o
                0x0000000008005a1c                PROVIDE (__init_array_end = .)
                0x0000000008005a1c                . = ALIGN (0x4)

.fini_array     0x0000000008005a1c        0x4
                0x0000000008005a1c                . = ALIGN (0x4)
                [!provide]                        PROVIDE (__fini_array_start = .)
 *(SORT_BY_NAME(.fini_array.*))
 *(.fini_array*)
 .fini_array    0x0000000008005a1c        0x4 c:/st/stm32cubeide_1.4.0/stm32cubeide/plugins/com.st.stm32cube.ide.mcu.externaltools.gnu-tools-for-stm32.7-2018-q2-update.win32_1.4.0.202007081208/tools/bin/../lib/gcc/arm-none-eabi/7.3.1/thumb/v7e-m/fpv4-sp/hard/crtbegin.o
                [!provide]                        PROVIDE (__fini_array_end = .)
                0x0000000008005a20                . = ALIGN (0x4)
                0x0000000008005a20                _sidata = LOADADDR (.data)

.data           0x0000000020000000       0x70 load address 0x0000000008005a20
                0x0000000020000000                . = ALIGN (0x4)
                0x0000000020000000                _sdata = .
 *(.data)
 *(.data*)
 .data.SystemCoreClock
                0x0000000020000000        0x4 Core/Src/system_stm32f3xx.o
                0x0000000020000000                SystemCoreClock
 .data.uwTickPrio
                0x0000000020000004        0x4 Drivers/STM32F3xx_HAL_Driver/Src/stm32f3xx_hal.o
                0x0000000020000004                uwTickPrio
 .data.uwTickFreq
                0x0000000020000008        0x1 Drivers/STM32F3xx_HAL_Driver/Src/stm32f3xx_hal.o
                0x0000000020000008                uwTickFreq
 *fill*         0x0000000020000009        0x3 
 .data._impure_ptr
                0x000000002000000c        0x4 c:/st/stm32cubeide_1.4.0/stm32cubeide/plugins/com.st.stm32cube.ide.mcu.externaltools.gnu-tools-for-stm32.7-2018-q2-update.win32_1.4.0.202007081208/tools/bin/../lib/gcc/arm-none-eabi/7.3.1/../../../../arm-none-eabi/lib/thumb/v7e-m/fpv4-sp/hard\libc_nano.a(lib_a-impure.o)
                0x000000002000000c                _impure_ptr
 .data.impure_data
                0x0000000020000010       0x60 c:/st/stm32cubeide_1.4.0/stm32cubeide/plugins/com.st.stm32cube.ide.mcu.externaltools.gnu-tools-for-stm32.7-2018-q2-update.win32_1.4.0.202007081208/tools/bin/../lib/gcc/arm-none-eabi/7.3.1/../../../../arm-none-eabi/lib/thumb/v7e-m/fpv4-sp/hard\libc_nano.a(lib_a-impure.o)
                0x0000000020000070                . = ALIGN (0x4)
                0x0000000020000070                _edata = .

.igot.plt       0x0000000020000070        0x0 load address 0x0000000008005a90
 .igot.plt      0x0000000020000070        0x0 c:/st/stm32cubeide_1.4.0/stm32cubeide/plugins/com.st.stm32cube.ide.mcu.externaltools.gnu-tools-for-stm32.7-2018-q2-update.win32_1.4.0.202007081208/tools/bin/../lib/gcc/arm-none-eabi/7.3.1/thumb/v7e-m/fpv4-sp/hard/crtbegin.o
                0x0000000020000070                . = ALIGN (0x4)

.bss            0x0000000020000070      0x254 load address 0x0000000008005a90
                0x0000000020000070                _sbss = .
                0x0000000020000070                __bss_start__ = _sbss
 *(.bss)
 .bss           0x0000000020000070       0x1c c:/st/stm32cubeide_1.4.0/stm32cubeide/plugins/com.st.stm32cube.ide.mcu.externaltools.gnu-tools-for-stm32.7-2018-q2-update.win32_1.4.0.202007081208/tools/bin/../lib/gcc/arm-none-eabi/7.3.1/thumb/v7e-m/fpv4-sp/hard/crtbegin.o
 *(.bss*)
 .bss.key       0x000000002000008c       0x20 Core/Src/main.o
                0x000000002000008c                key
 .bss.info      0x00000000200000ac       0x60 Core/Src/main.o
                0x00000000200000ac                info
 .bss.__sbrk_heap_end
                0x000000002000010c        0x4 Core/Src/sysmem.o
 .bss.packet_counter
                0x0000000020000110        0x4 Core/Src/transmition_logic.o
                0x0000000020000110                packet_counter
 .bss.__malloc_free_list
                0x0000000020000114        0x4 c:/st/stm32cubeide_1.4.0/stm32cubeide/plugins/com.st.stm32cube.ide.mcu.externaltools.gnu-tools-for-stm32.7-2018-q2-update.win32_1.4.0.202007081208/tools/bin/../lib/gcc/arm-none-eabi/7.3.1/../../../../arm-none-eabi/lib/thumb/v7e-m/fpv4-sp/hard\libc_nano.a(lib_a-nano-mallocr.o)
                0x0000000020000114                __malloc_free_list
 .bss.__malloc_sbrk_start
                0x0000000020000118        0x4 c:/st/stm32cubeide_1.4.0/stm32cubeide/plugins/com.st.stm32cube.ide.mcu.externaltools.gnu-tools-for-stm32.7-2018-q2-update.win32_1.4.0.202007081208/tools/bin/../lib/gcc/arm-none-eabi/7.3.1/../../../../arm-none-eabi/lib/thumb/v7e-m/fpv4-sp/hard\libc_nano.a(lib_a-nano-mallocr.o)
                0x0000000020000118                __malloc_sbrk_start
 *(COMMON)
 COMMON         0x000000002000011c      0x180 Core/Src/main.o
                0x000000002000011c                ctx
                0x000000002000021c                huart1
 COMMON         0x000000002000029c        0x4 Drivers/STM32F3xx_HAL_Driver/Src/stm32f3xx_hal.o
                0x000000002000029c                uwTick
 COMMON         0x00000000200002a0       0x20 Drivers/STM32F3xx_HAL_Driver/Src/stm32f3xx_hal_flash.o
                0x00000000200002a0                pFlash
 COMMON         0x00000000200002c0        0x4 c:/st/stm32cubeide_1.4.0/stm32cubeide/plugins/com.st.stm32cube.ide.mcu.externaltools.gnu-tools-for-stm32.7-2018-q2-update.win32_1.4.0.202007081208/tools/bin/../lib/gcc/arm-none-eabi/7.3.1/../../../../arm-none-eabi/lib/thumb/v7e-m/fpv4-sp/hard\libc_nano.a(lib_a-reent.o)
                0x00000000200002c0                errno
                0x00000000200002c4                . = ALIGN (0x4)
                0x00000000200002c4                _ebss = .
                0x00000000200002c4                __bss_end__ = _ebss

._user_heap_stack
                0x00000000200002c4      0x604 load address 0x0000000008005a90
                0x00000000200002c8                . = ALIGN (0x8)
 *fill*         0x00000000200002c4        0x4 
                [!provide]                        PROVIDE (end = .)
                0x00000000200002c8                PROVIDE (_end = .)
                0x00000000200004c8                . = (. + _Min_Heap_Size)
 *fill*         0x00000000200002c8      0x200 
                0x00000000200008c8                . = (. + _Min_Stack_Size)
 *fill*         0x00000000200004c8      0x400 
                0x00000000200008c8                . = ALIGN (0x8)

/DISCARD/
 libc.a(*)
 libm.a(*)
 libgcc.a(*)

.ARM.attributes
                0x0000000000000000       0x30
 *(.ARM.attributes)
 .ARM.attributes
                0x0000000000000000       0x22 c:/st/stm32cubeide_1.4.0/stm32cubeide/plugins/com.st.stm32cube.ide.mcu.externaltools.gnu-tools-for-stm32.7-2018-q2-update.win32_1.4.0.202007081208/tools/bin/../lib/gcc/arm-none-eabi/7.3.1/thumb/v7e-m/fpv4-sp/hard/crti.o
 .ARM.attributes
                0x0000000000000022       0x34 c:/st/stm32cubeide_1.4.0/stm32cubeide/plugins/com.st.stm32cube.ide.mcu.externaltools.gnu-tools-for-stm32.7-2018-q2-update.win32_1.4.0.202007081208/tools/bin/../lib/gcc/arm-none-eabi/7.3.1/thumb/v7e-m/fpv4-sp/hard/crtbegin.o
 .ARM.attributes
                0x0000000000000056       0x39 Core/Src/checksum.o
 .ARM.attributes
                0x000000000000008f       0x39 Core/Src/encryption.o
 .ARM.attributes
                0x00000000000000c8       0x39 Core/Src/main.o
 .ARM.attributes
                0x0000000000000101       0x39 Core/Src/meta_info.o
 .ARM.attributes
                0x000000000000013a       0x39 Core/Src/periphery.o
 .ARM.attributes
                0x0000000000000173       0x39 Core/Src/stm32f3xx_hal_msp.o
 .ARM.attributes
                0x00000000000001ac       0x39 Core/Src/stm32f3xx_it.o
 .ARM.attributes
                0x00000000000001e5       0x39 Core/Src/sysmem.o
 .ARM.attributes
                0x000000000000021e       0x39 Core/Src/system_stm32f3xx.o
 .ARM.attributes
                0x0000000000000257       0x39 Core/Src/transmition_logic.o
 .ARM.attributes
                0x0000000000000290       0x21 Core/Startup/startup_stm32f303vctx.o
 .ARM.attributes
                0x00000000000002b1       0x39 Drivers/STM32F3xx_HAL_Driver/Src/stm32f3xx_hal.o
 .ARM.attributes
                0x00000000000002ea       0x39 Drivers/STM32F3xx_HAL_Driver/Src/stm32f3xx_hal_cortex.o
 .ARM.attributes
                0x0000000000000323       0x39 Drivers/STM32F3xx_HAL_Driver/Src/stm32f3xx_hal_flash.o
 .ARM.attributes
                0x000000000000035c       0x39 Drivers/STM32F3xx_HAL_Driver/Src/stm32f3xx_hal_flash_ex.o
 .ARM.attributes
                0x0000000000000395       0x39 Drivers/STM32F3xx_HAL_Driver/Src/stm32f3xx_hal_gpio.o
 .ARM.attributes
                0x00000000000003ce       0x39 Drivers/STM32F3xx_HAL_Driver/Src/stm32f3xx_hal_rcc.o
 .ARM.attributes
                0x0000000000000407       0x39 Drivers/STM32F3xx_HAL_Driver/Src/stm32f3xx_hal_rcc_ex.o
 .ARM.attributes
                0x0000000000000440       0x39 Drivers/STM32F3xx_HAL_Driver/Src/stm32f3xx_hal_uart.o
 .ARM.attributes
                0x0000000000000479       0x39 Libraries/tiny-AES-c/aes.o
 .ARM.attributes
                0x00000000000004b2       0x34 c:/st/stm32cubeide_1.4.0/stm32cubeide/plugins/com.st.stm32cube.ide.mcu.externaltools.gnu-tools-for-stm32.7-2018-q2-update.win32_1.4.0.202007081208/tools/bin/../lib/gcc/arm-none-eabi/7.3.1/../../../../arm-none-eabi/lib/thumb/v7e-m/fpv4-sp/hard\libc_nano.a(lib_a-errno.o)
 .ARM.attributes
                0x00000000000004e6       0x34 c:/st/stm32cubeide_1.4.0/stm32cubeide/plugins/com.st.stm32cube.ide.mcu.externaltools.gnu-tools-for-stm32.7-2018-q2-update.win32_1.4.0.202007081208/tools/bin/../lib/gcc/arm-none-eabi/7.3.1/../../../../arm-none-eabi/lib/thumb/v7e-m/fpv4-sp/hard\libc_nano.a(lib_a-impure.o)
 .ARM.attributes
                0x000000000000051a       0x34 c:/st/stm32cubeide_1.4.0/stm32cubeide/plugins/com.st.stm32cube.ide.mcu.externaltools.gnu-tools-for-stm32.7-2018-q2-update.win32_1.4.0.202007081208/tools/bin/../lib/gcc/arm-none-eabi/7.3.1/../../../../arm-none-eabi/lib/thumb/v7e-m/fpv4-sp/hard\libc_nano.a(lib_a-init.o)
 .ARM.attributes
                0x000000000000054e       0x34 c:/st/stm32cubeide_1.4.0/stm32cubeide/plugins/com.st.stm32cube.ide.mcu.externaltools.gnu-tools-for-stm32.7-2018-q2-update.win32_1.4.0.202007081208/tools/bin/../lib/gcc/arm-none-eabi/7.3.1/../../../../arm-none-eabi/lib/thumb/v7e-m/fpv4-sp/hard\libc_nano.a(lib_a-memcpy-stub.o)
 .ARM.attributes
                0x0000000000000582       0x34 c:/st/stm32cubeide_1.4.0/stm32cubeide/plugins/com.st.stm32cube.ide.mcu.externaltools.gnu-tools-for-stm32.7-2018-q2-update.win32_1.4.0.202007081208/tools/bin/../lib/gcc/arm-none-eabi/7.3.1/../../../../arm-none-eabi/lib/thumb/v7e-m/fpv4-sp/hard\libc_nano.a(lib_a-memmove.o)
 .ARM.attributes
                0x00000000000005b6       0x34 c:/st/stm32cubeide_1.4.0/stm32cubeide/plugins/com.st.stm32cube.ide.mcu.externaltools.gnu-tools-for-stm32.7-2018-q2-update.win32_1.4.0.202007081208/tools/bin/../lib/gcc/arm-none-eabi/7.3.1/../../../../arm-none-eabi/lib/thumb/v7e-m/fpv4-sp/hard\libc_nano.a(lib_a-memset.o)
 .ARM.attributes
                0x00000000000005ea       0x1b c:/st/stm32cubeide_1.4.0/stm32cubeide/plugins/com.st.stm32cube.ide.mcu.externaltools.gnu-tools-for-stm32.7-2018-q2-update.win32_1.4.0.202007081208/tools/bin/../lib/gcc/arm-none-eabi/7.3.1/../../../../arm-none-eabi/lib/thumb/v7e-m/fpv4-sp/hard\libc_nano.a(lib_a-strlen.o)
 .ARM.attributes
                0x0000000000000605       0x34 c:/st/stm32cubeide_1.4.0/stm32cubeide/plugins/com.st.stm32cube.ide.mcu.externaltools.gnu-tools-for-stm32.7-2018-q2-update.win32_1.4.0.202007081208/tools/bin/../lib/gcc/arm-none-eabi/7.3.1/../../../../arm-none-eabi/lib/thumb/v7e-m/fpv4-sp/hard\libc_nano.a(lib_a-vsprintf.o)
 .ARM.attributes
                0x0000000000000639       0x34 c:/st/stm32cubeide_1.4.0/stm32cubeide/plugins/com.st.stm32cube.ide.mcu.externaltools.gnu-tools-for-stm32.7-2018-q2-update.win32_1.4.0.202007081208/tools/bin/../lib/gcc/arm-none-eabi/7.3.1/../../../../arm-none-eabi/lib/thumb/v7e-m/fpv4-sp/hard\libc_nano.a(lib_a-nano-svfprintf.o)
 .ARM.attributes
                0x000000000000066d       0x34 c:/st/stm32cubeide_1.4.0/stm32cubeide/plugins/com.st.stm32cube.ide.mcu.externaltools.gnu-tools-for-stm32.7-2018-q2-update.win32_1.4.0.202007081208/tools/bin/../lib/gcc/arm-none-eabi/7.3.1/../../../../arm-none-eabi/lib/thumb/v7e-m/fpv4-sp/hard\libc_nano.a(lib_a-nano-vfprintf_i.o)
 .ARM.attributes
                0x00000000000006a1       0x20 c:/st/stm32cubeide_1.4.0/stm32cubeide/plugins/com.st.stm32cube.ide.mcu.externaltools.gnu-tools-for-stm32.7-2018-q2-update.win32_1.4.0.202007081208/tools/bin/../lib/gcc/arm-none-eabi/7.3.1/../../../../arm-none-eabi/lib/thumb/v7e-m/fpv4-sp/hard\libc_nano.a(lib_a-memchr.o)
 .ARM.attributes
                0x00000000000006c1       0x34 c:/st/stm32cubeide_1.4.0/stm32cubeide/plugins/com.st.stm32cube.ide.mcu.externaltools.gnu-tools-for-stm32.7-2018-q2-update.win32_1.4.0.202007081208/tools/bin/../lib/gcc/arm-none-eabi/7.3.1/../../../../arm-none-eabi/lib/thumb/v7e-m/fpv4-sp/hard\libc_nano.a(lib_a-nano-freer.o)
 .ARM.attributes
                0x00000000000006f5       0x34 c:/st/stm32cubeide_1.4.0/stm32cubeide/plugins/com.st.stm32cube.ide.mcu.externaltools.gnu-tools-for-stm32.7-2018-q2-update.win32_1.4.0.202007081208/tools/bin/../lib/gcc/arm-none-eabi/7.3.1/../../../../arm-none-eabi/lib/thumb/v7e-m/fpv4-sp/hard\libc_nano.a(lib_a-nano-mallocr.o)
 .ARM.attributes
                0x0000000000000729       0x34 c:/st/stm32cubeide_1.4.0/stm32cubeide/plugins/com.st.stm32cube.ide.mcu.externaltools.gnu-tools-for-stm32.7-2018-q2-update.win32_1.4.0.202007081208/tools/bin/../lib/gcc/arm-none-eabi/7.3.1/../../../../arm-none-eabi/lib/thumb/v7e-m/fpv4-sp/hard\libc_nano.a(lib_a-nano-reallocr.o)
 .ARM.attributes
                0x000000000000075d       0x34 c:/st/stm32cubeide_1.4.0/stm32cubeide/plugins/com.st.stm32cube.ide.mcu.externaltools.gnu-tools-for-stm32.7-2018-q2-update.win32_1.4.0.202007081208/tools/bin/../lib/gcc/arm-none-eabi/7.3.1/../../../../arm-none-eabi/lib/thumb/v7e-m/fpv4-sp/hard\libc_nano.a(lib_a-sbrkr.o)
 .ARM.attributes
                0x0000000000000791       0x34 c:/st/stm32cubeide_1.4.0/stm32cubeide/plugins/com.st.stm32cube.ide.mcu.externaltools.gnu-tools-for-stm32.7-2018-q2-update.win32_1.4.0.202007081208/tools/bin/../lib/gcc/arm-none-eabi/7.3.1/../../../../arm-none-eabi/lib/thumb/v7e-m/fpv4-sp/hard\libc_nano.a(lib_a-mlock.o)
 .ARM.attributes
                0x00000000000007c5       0x34 c:/st/stm32cubeide_1.4.0/stm32cubeide/plugins/com.st.stm32cube.ide.mcu.externaltools.gnu-tools-for-stm32.7-2018-q2-update.win32_1.4.0.202007081208/tools/bin/../lib/gcc/arm-none-eabi/7.3.1/../../../../arm-none-eabi/lib/thumb/v7e-m/fpv4-sp/hard\libc_nano.a(lib_a-nano-msizer.o)
 .ARM.attributes
                0x00000000000007f9       0x34 c:/st/stm32cubeide_1.4.0/stm32cubeide/plugins/com.st.stm32cube.ide.mcu.externaltools.gnu-tools-for-stm32.7-2018-q2-update.win32_1.4.0.202007081208/tools/bin/../lib/gcc/arm-none-eabi/7.3.1/../../../../arm-none-eabi/lib/thumb/v7e-m/fpv4-sp/hard\libc_nano.a(lib_a-reent.o)
 .ARM.attributes
                0x000000000000082d       0x22 c:/st/stm32cubeide_1.4.0/stm32cubeide/plugins/com.st.stm32cube.ide.mcu.externaltools.gnu-tools-for-stm32.7-2018-q2-update.win32_1.4.0.202007081208/tools/bin/../lib/gcc/arm-none-eabi/7.3.1/thumb/v7e-m/fpv4-sp/hard/crtn.o
OUTPUT(code-transmition.elf default)

.debug_info     0x0000000000000000     0xd387
 .debug_info    0x0000000000000000      0x99d Core/Src/checksum.o
 .debug_info    0x000000000000099d      0x977 Core/Src/encryption.o
 .debug_info    0x0000000000001314     0x15d9 Core/Src/main.o
 .debug_info    0x00000000000028ed      0xa73 Core/Src/meta_info.o
 .debug_info    0x0000000000003360      0x991 Core/Src/periphery.o
 .debug_info    0x0000000000003cf1      0x90d Core/Src/stm32f3xx_hal_msp.o
 .debug_info    0x00000000000045fe      0x20d Core/Src/stm32f3xx_it.o
 .debug_info    0x000000000000480b      0x985 Core/Src/sysmem.o
 .debug_info    0x0000000000005190      0x45c Core/Src/system_stm32f3xx.o
 .debug_info    0x00000000000055ec      0xf10 Core/Src/transmition_logic.o
 .debug_info    0x00000000000064fc       0x22 Core/Startup/startup_stm32f303vctx.o
 .debug_info    0x000000000000651e      0x7e2 Drivers/STM32F3xx_HAL_Driver/Src/stm32f3xx_hal.o
 .debug_info    0x0000000000006d00      0xd99 Drivers/STM32F3xx_HAL_Driver/Src/stm32f3xx_hal_cortex.o
 .debug_info    0x0000000000007a99      0x5a6 Drivers/STM32F3xx_HAL_Driver/Src/stm32f3xx_hal_flash.o
 .debug_info    0x000000000000803f      0x89c Drivers/STM32F3xx_HAL_Driver/Src/stm32f3xx_hal_flash_ex.o
 .debug_info    0x00000000000088db      0x70b Drivers/STM32F3xx_HAL_Driver/Src/stm32f3xx_hal_gpio.o
 .debug_info    0x0000000000008fe6     0x180f Drivers/STM32F3xx_HAL_Driver/Src/stm32f3xx_hal_rcc.o
 .debug_info    0x000000000000a7f5      0x6b7 Drivers/STM32F3xx_HAL_Driver/Src/stm32f3xx_hal_rcc_ex.o
 .debug_info    0x000000000000aeac     0x1592 Drivers/STM32F3xx_HAL_Driver/Src/stm32f3xx_hal_uart.o
 .debug_info    0x000000000000c43e      0xf49 Libraries/tiny-AES-c/aes.o

.debug_abbrev   0x0000000000000000     0x24fe
 .debug_abbrev  0x0000000000000000      0x1b7 Core/Src/checksum.o
 .debug_abbrev  0x00000000000001b7      0x19b Core/Src/encryption.o
 .debug_abbrev  0x0000000000000352      0x288 Core/Src/main.o
 .debug_abbrev  0x00000000000005da      0x174 Core/Src/meta_info.o
 .debug_abbrev  0x000000000000074e      0x1eb Core/Src/periphery.o
 .debug_abbrev  0x0000000000000939      0x18c Core/Src/stm32f3xx_hal_msp.o
 .debug_abbrev  0x0000000000000ac5       0xc6 Core/Src/stm32f3xx_it.o
 .debug_abbrev  0x0000000000000b8b      0x19b Core/Src/sysmem.o
 .debug_abbrev  0x0000000000000d26      0x12b Core/Src/system_stm32f3xx.o
 .debug_abbrev  0x0000000000000e51      0x25a Core/Src/transmition_logic.o
 .debug_abbrev  0x00000000000010ab       0x12 Core/Startup/startup_stm32f303vctx.o
 .debug_abbrev  0x00000000000010bd      0x1c7 Drivers/STM32F3xx_HAL_Driver/Src/stm32f3xx_hal.o
 .debug_abbrev  0x0000000000001284      0x2fa Drivers/STM32F3xx_HAL_Driver/Src/stm32f3xx_hal_cortex.o
 .debug_abbrev  0x000000000000157e      0x22e Drivers/STM32F3xx_HAL_Driver/Src/stm32f3xx_hal_flash.o
 .debug_abbrev  0x00000000000017ac      0x27f Drivers/STM32F3xx_HAL_Driver/Src/stm32f3xx_hal_flash_ex.o
 .debug_abbrev  0x0000000000001a2b      0x1c0 Drivers/STM32F3xx_HAL_Driver/Src/stm32f3xx_hal_gpio.o
 .debug_abbrev  0x0000000000001beb      0x28c Drivers/STM32F3xx_HAL_Driver/Src/stm32f3xx_hal_rcc.o
 .debug_abbrev  0x0000000000001e77      0x219 Drivers/STM32F3xx_HAL_Driver/Src/stm32f3xx_hal_rcc_ex.o
 .debug_abbrev  0x0000000000002090      0x205 Drivers/STM32F3xx_HAL_Driver/Src/stm32f3xx_hal_uart.o
 .debug_abbrev  0x0000000000002295      0x269 Libraries/tiny-AES-c/aes.o

.debug_aranges  0x0000000000000000      0x990
 .debug_aranges
                0x0000000000000000       0x28 Core/Src/checksum.o
 .debug_aranges
                0x0000000000000028       0x28 Core/Src/encryption.o
 .debug_aranges
                0x0000000000000050       0x48 Core/Src/main.o
 .debug_aranges
                0x0000000000000098       0x28 Core/Src/meta_info.o
 .debug_aranges
                0x00000000000000c0       0x50 Core/Src/periphery.o
 .debug_aranges
                0x0000000000000110       0x30 Core/Src/stm32f3xx_hal_msp.o
 .debug_aranges
                0x0000000000000140       0x60 Core/Src/stm32f3xx_it.o
 .debug_aranges
                0x00000000000001a0       0x20 Core/Src/sysmem.o
 .debug_aranges
                0x00000000000001c0       0x28 Core/Src/system_stm32f3xx.o
 .debug_aranges
                0x00000000000001e8       0x88 Core/Src/transmition_logic.o
 .debug_aranges
                0x0000000000000270       0x28 Core/Startup/startup_stm32f303vctx.o
 .debug_aranges
                0x0000000000000298       0xe0 Drivers/STM32F3xx_HAL_Driver/Src/stm32f3xx_hal.o
 .debug_aranges
                0x0000000000000378      0x118 Drivers/STM32F3xx_HAL_Driver/Src/stm32f3xx_hal_cortex.o
 .debug_aranges
                0x0000000000000490       0x88 Drivers/STM32F3xx_HAL_Driver/Src/stm32f3xx_hal_flash.o
 .debug_aranges
                0x0000000000000518       0x98 Drivers/STM32F3xx_HAL_Driver/Src/stm32f3xx_hal_flash_ex.o
 .debug_aranges
                0x00000000000005b0       0x58 Drivers/STM32F3xx_HAL_Driver/Src/stm32f3xx_hal_gpio.o
 .debug_aranges
                0x0000000000000608       0x88 Drivers/STM32F3xx_HAL_Driver/Src/stm32f3xx_hal_rcc.o
 .debug_aranges
                0x0000000000000690       0x38 Drivers/STM32F3xx_HAL_Driver/Src/stm32f3xx_hal_rcc_ex.o
 .debug_aranges
                0x00000000000006c8      0x210 Drivers/STM32F3xx_HAL_Driver/Src/stm32f3xx_hal_uart.o
 .debug_aranges
                0x00000000000008d8       0xb8 Libraries/tiny-AES-c/aes.o

.debug_ranges   0x0000000000000000      0x858
 .debug_ranges  0x0000000000000000       0x18 Core/Src/checksum.o
 .debug_ranges  0x0000000000000018       0x18 Core/Src/encryption.o
 .debug_ranges  0x0000000000000030       0x38 Core/Src/main.o
 .debug_ranges  0x0000000000000068       0x18 Core/Src/meta_info.o
 .debug_ranges  0x0000000000000080       0x40 Core/Src/periphery.o
 .debug_ranges  0x00000000000000c0       0x20 Core/Src/stm32f3xx_hal_msp.o
 .debug_ranges  0x00000000000000e0       0x50 Core/Src/stm32f3xx_it.o
 .debug_ranges  0x0000000000000130       0x10 Core/Src/sysmem.o
 .debug_ranges  0x0000000000000140       0x18 Core/Src/system_stm32f3xx.o
 .debug_ranges  0x0000000000000158       0x78 Core/Src/transmition_logic.o
 .debug_ranges  0x00000000000001d0       0x20 Core/Startup/startup_stm32f303vctx.o
 .debug_ranges  0x00000000000001f0       0xd0 Drivers/STM32F3xx_HAL_Driver/Src/stm32f3xx_hal.o
 .debug_ranges  0x00000000000002c0      0x108 Drivers/STM32F3xx_HAL_Driver/Src/stm32f3xx_hal_cortex.o
 .debug_ranges  0x00000000000003c8       0x78 Drivers/STM32F3xx_HAL_Driver/Src/stm32f3xx_hal_flash.o
 .debug_ranges  0x0000000000000440       0x88 Drivers/STM32F3xx_HAL_Driver/Src/stm32f3xx_hal_flash_ex.o
 .debug_ranges  0x00000000000004c8       0x48 Drivers/STM32F3xx_HAL_Driver/Src/stm32f3xx_hal_gpio.o
 .debug_ranges  0x0000000000000510       0x78 Drivers/STM32F3xx_HAL_Driver/Src/stm32f3xx_hal_rcc.o
 .debug_ranges  0x0000000000000588       0x28 Drivers/STM32F3xx_HAL_Driver/Src/stm32f3xx_hal_rcc_ex.o
 .debug_ranges  0x00000000000005b0      0x200 Drivers/STM32F3xx_HAL_Driver/Src/stm32f3xx_hal_uart.o
 .debug_ranges  0x00000000000007b0       0xa8 Libraries/tiny-AES-c/aes.o

.debug_macro    0x0000000000000000    0x1b084
 .debug_macro   0x0000000000000000      0x1c7 Core/Src/checksum.o
 .debug_macro   0x00000000000001c7      0xa5a Core/Src/checksum.o
 .debug_macro   0x0000000000000c21       0x22 Core/Src/checksum.o
 .debug_macro   0x0000000000000c43       0x8e Core/Src/checksum.o
 .debug_macro   0x0000000000000cd1       0x51 Core/Src/checksum.o
 .debug_macro   0x0000000000000d22       0xef Core/Src/checksum.o
 .debug_macro   0x0000000000000e11       0x6a Core/Src/checksum.o
 .debug_macro   0x0000000000000e7b      0x1df Core/Src/checksum.o
 .debug_macro   0x000000000000105a       0x46 Core/Src/checksum.o
 .debug_macro   0x00000000000010a0       0x18 Core/Src/checksum.o
 .debug_macro   0x00000000000010b8       0x3c Core/Src/checksum.o
 .debug_macro   0x00000000000010f4       0x34 Core/Src/checksum.o
 .debug_macro   0x0000000000001128       0x16 Core/Src/checksum.o
 .debug_macro   0x000000000000113e       0x97 Core/Src/checksum.o
 .debug_macro   0x00000000000011d5      0x330 Core/Src/checksum.o
 .debug_macro   0x0000000000001505       0xfd Core/Src/checksum.o
 .debug_macro   0x0000000000001602       0x10 Core/Src/checksum.o
 .debug_macro   0x0000000000001612       0x52 Core/Src/checksum.o
 .debug_macro   0x0000000000001664       0x1f Core/Src/checksum.o
 .debug_macro   0x0000000000001683       0x43 Core/Src/checksum.o
 .debug_macro   0x00000000000016c6       0x20 Core/Src/checksum.o
 .debug_macro   0x00000000000016e6      0x1a3 Core/Src/checksum.o
 .debug_macro   0x0000000000001889       0x10 Core/Src/checksum.o
 .debug_macro   0x0000000000001899       0x1c Core/Src/checksum.o
 .debug_macro   0x00000000000018b5       0x52 Core/Src/checksum.o
 .debug_macro   0x0000000000001907       0x40 Core/Src/checksum.o
 .debug_macro   0x0000000000001947       0x10 Core/Src/checksum.o
 .debug_macro   0x0000000000001957       0x40 Core/Src/checksum.o
 .debug_macro   0x0000000000001997       0xd7 Core/Src/checksum.o
 .debug_macro   0x0000000000001a6e       0x1c Core/Src/checksum.o
 .debug_macro   0x0000000000001a8a       0x3d Core/Src/checksum.o
 .debug_macro   0x0000000000001ac7       0x16 Core/Src/checksum.o
 .debug_macro   0x0000000000001add      0x145 Core/Src/checksum.o
 .debug_macro   0x0000000000001c22       0x10 Core/Src/checksum.o
 .debug_macro   0x0000000000001c32      0x1e3 Core/Src/encryption.o
 .debug_macro   0x0000000000001e15       0x1c Core/Src/encryption.o
 .debug_macro   0x0000000000001e31       0x28 Core/Src/encryption.o
 .debug_macro   0x0000000000001e59      0x3be Core/Src/main.o
 .debug_macro   0x0000000000002217      0x151 Core/Src/main.o
 .debug_macro   0x0000000000002368       0x2e Core/Src/main.o
 .debug_macro   0x0000000000002396       0x28 Core/Src/main.o
 .debug_macro   0x00000000000023be       0x1c Core/Src/main.o
 .debug_macro   0x00000000000023da       0x22 Core/Src/main.o
 .debug_macro   0x00000000000023fc       0xdf Core/Src/main.o
 .debug_macro   0x00000000000024db     0x102d Core/Src/main.o
 .debug_macro   0x0000000000003508      0x11f Core/Src/main.o
 .debug_macro   0x0000000000003627    0x12a33 Core/Src/main.o
 .debug_macro   0x000000000001605a       0x43 Core/Src/main.o
 .debug_macro   0x000000000001609d      0x174 Core/Src/main.o
 .debug_macro   0x0000000000016211       0x53 Core/Src/main.o
 .debug_macro   0x0000000000016264      0x962 Core/Src/main.o
 .debug_macro   0x0000000000016bc6      0x5fe Core/Src/main.o
 .debug_macro   0x00000000000171c4      0x12f Core/Src/main.o
 .debug_macro   0x00000000000172f3      0x1fb Core/Src/main.o
 .debug_macro   0x00000000000174ee      0x1dc Core/Src/main.o
 .debug_macro   0x00000000000176ca      0x1bc Core/Src/main.o
 .debug_macro   0x0000000000017886       0x30 Core/Src/main.o
 .debug_macro   0x00000000000178b6       0x3c Core/Src/main.o
 .debug_macro   0x00000000000178f2      0x236 Core/Src/main.o
 .debug_macro   0x0000000000017b28       0xc5 Core/Src/main.o
 .debug_macro   0x0000000000017bed      0x21d Core/Src/main.o
 .debug_macro   0x0000000000017e0a      0x22c Core/Src/main.o
 .debug_macro   0x0000000000018036       0x5b Core/Src/main.o
 .debug_macro   0x0000000000018091       0xa5 Core/Src/main.o
 .debug_macro   0x0000000000018136       0x81 Core/Src/main.o
 .debug_macro   0x00000000000181b7       0xd3 Core/Src/main.o
 .debug_macro   0x000000000001828a      0x589 Core/Src/main.o
 .debug_macro   0x0000000000018813       0x3e Core/Src/main.o
 .debug_macro   0x0000000000018851      0x275 Core/Src/main.o
 .debug_macro   0x0000000000018ac6       0x35 Core/Src/main.o
 .debug_macro   0x0000000000018afb      0x32a Core/Src/main.o
 .debug_macro   0x0000000000018e25       0x2e Core/Src/main.o
 .debug_macro   0x0000000000018e53       0x16 Core/Src/main.o
 .debug_macro   0x0000000000018e69       0x20 Core/Src/main.o
 .debug_macro   0x0000000000018e89       0x4c Core/Src/main.o
 .debug_macro   0x0000000000018ed5       0x64 Core/Src/main.o
 .debug_macro   0x0000000000018f39       0x10 Core/Src/main.o
 .debug_macro   0x0000000000018f49      0x21a Core/Src/meta_info.o
 .debug_macro   0x0000000000019163       0x10 Core/Src/meta_info.o
 .debug_macro   0x0000000000019173       0x1c Core/Src/meta_info.o
 .debug_macro   0x000000000001918f       0x16 Core/Src/meta_info.o
 .debug_macro   0x00000000000191a5      0x1de Core/Src/periphery.o
 .debug_macro   0x0000000000019383      0x1c4 Core/Src/stm32f3xx_hal_msp.o
 .debug_macro   0x0000000000019547      0x1ce Core/Src/stm32f3xx_it.o
 .debug_macro   0x0000000000019715       0xee Core/Src/sysmem.o
 .debug_macro   0x0000000000019803      0x23b Core/Src/sysmem.o
 .debug_macro   0x0000000000019a3e      0x1c0 Core/Src/system_stm32f3xx.o
 .debug_macro   0x0000000000019bfe      0x37e Core/Src/transmition_logic.o
 .debug_macro   0x0000000000019f7c       0xd9 Core/Src/transmition_logic.o
 .debug_macro   0x000000000001a055       0x4d Core/Src/transmition_logic.o
 .debug_macro   0x000000000001a0a2      0x1de Drivers/STM32F3xx_HAL_Driver/Src/stm32f3xx_hal.o
 .debug_macro   0x000000000001a280      0x1ba Drivers/STM32F3xx_HAL_Driver/Src/stm32f3xx_hal_cortex.o
 .debug_macro   0x000000000001a43a      0x1ba Drivers/STM32F3xx_HAL_Driver/Src/stm32f3xx_hal_flash.o
 .debug_macro   0x000000000001a5f4      0x1cc Drivers/STM32F3xx_HAL_Driver/Src/stm32f3xx_hal_flash_ex.o
 .debug_macro   0x000000000001a7c0      0x1f2 Drivers/STM32F3xx_HAL_Driver/Src/stm32f3xx_hal_gpio.o
 .debug_macro   0x000000000001a9b2      0x1de Drivers/STM32F3xx_HAL_Driver/Src/stm32f3xx_hal_rcc.o
 .debug_macro   0x000000000001ab90      0x1ba Drivers/STM32F3xx_HAL_Driver/Src/stm32f3xx_hal_rcc_ex.o
 .debug_macro   0x000000000001ad4a      0x1d7 Drivers/STM32F3xx_HAL_Driver/Src/stm32f3xx_hal_uart.o
 .debug_macro   0x000000000001af21      0x163 Libraries/tiny-AES-c/aes.o

.debug_line     0x0000000000000000     0xa267
 .debug_line    0x0000000000000000      0x5b8 Core/Src/checksum.o
 .debug_line    0x00000000000005b8      0x5c2 Core/Src/encryption.o
 .debug_line    0x0000000000000b7a      0xa0b Core/Src/main.o
 .debug_line    0x0000000000001585      0x5f4 Core/Src/meta_info.o
 .debug_line    0x0000000000001b79      0x725 Core/Src/periphery.o
 .debug_line    0x000000000000229e      0x6a9 Core/Src/stm32f3xx_hal_msp.o
 .debug_line    0x0000000000002947      0x71e Core/Src/stm32f3xx_it.o
 .debug_line    0x0000000000003065      0x4c7 Core/Src/sysmem.o
 .debug_line    0x000000000000352c      0x698 Core/Src/system_stm32f3xx.o
 .debug_line    0x0000000000003bc4      0xa34 Core/Src/transmition_logic.o
 .debug_line    0x00000000000045f8       0x85 Core/Startup/startup_stm32f303vctx.o
 .debug_line    0x000000000000467d      0x855 Drivers/STM32F3xx_HAL_Driver/Src/stm32f3xx_hal.o
 .debug_line    0x0000000000004ed2      0x98a Drivers/STM32F3xx_HAL_Driver/Src/stm32f3xx_hal_cortex.o
 .debug_line    0x000000000000585c      0x83a Drivers/STM32F3xx_HAL_Driver/Src/stm32f3xx_hal_flash.o
 .debug_line    0x0000000000006096      0x8e1 Drivers/STM32F3xx_HAL_Driver/Src/stm32f3xx_hal_flash_ex.o
 .debug_line    0x0000000000006977      0x808 Drivers/STM32F3xx_HAL_Driver/Src/stm32f3xx_hal_gpio.o
 .debug_line    0x000000000000717f      0xdcd Drivers/STM32F3xx_HAL_Driver/Src/stm32f3xx_hal_rcc.o
 .debug_line    0x0000000000007f4c      0x946 Drivers/STM32F3xx_HAL_Driver/Src/stm32f3xx_hal_rcc_ex.o
 .debug_line    0x0000000000008892     0x1193 Drivers/STM32F3xx_HAL_Driver/Src/stm32f3xx_hal_uart.o
 .debug_line    0x0000000000009a25      0x842 Libraries/tiny-AES-c/aes.o

.debug_str      0x0000000000000000    0x94ccc
 .debug_str     0x0000000000000000     0x7e38 Core/Src/checksum.o
                                       0x808c (size before relaxing)
 .debug_str     0x0000000000007e38       0xa1 Core/Src/encryption.o
                                       0x80ef (size before relaxing)
 .debug_str     0x0000000000007ed9    0x8a2fc Core/Src/main.o
                                      0x9288c (size before relaxing)
 .debug_str     0x00000000000921d5       0x2d Core/Src/meta_info.o
                                       0x8218 (size before relaxing)
 .debug_str     0x0000000000092202      0x122 Core/Src/periphery.o
                                      0x8e16f (size before relaxing)
 .debug_str     0x0000000000092324       0xb8 Core/Src/stm32f3xx_hal_msp.o
                                      0x8e08f (size before relaxing)
 .debug_str     0x00000000000923dc       0xbd Core/Src/stm32f3xx_it.o
                                      0x8dc59 (size before relaxing)
 .debug_str     0x0000000000092499      0x4e9 Core/Src/sysmem.o
                                       0x5f6d (size before relaxing)
 .debug_str     0x0000000000092982       0xd1 Core/Src/system_stm32f3xx.o
                                      0x8dcb6 (size before relaxing)
 .debug_str     0x0000000000092a53      0x133 Core/Src/transmition_logic.o
                                      0x92105 (size before relaxing)
 .debug_str     0x0000000000092b86       0x36 Core/Startup/startup_stm32f303vctx.o
                                         0x7a (size before relaxing)
 .debug_str     0x0000000000092bbc      0x6eb Drivers/STM32F3xx_HAL_Driver/Src/stm32f3xx_hal.o
                                      0x8e43e (size before relaxing)
 .debug_str     0x00000000000932a7      0x3cd Drivers/STM32F3xx_HAL_Driver/Src/stm32f3xx_hal_cortex.o
                                      0x8e54c (size before relaxing)
 .debug_str     0x0000000000093674      0x286 Drivers/STM32F3xx_HAL_Driver/Src/stm32f3xx_hal_flash.o
                                      0x8deff (size before relaxing)
 .debug_str     0x00000000000938fa      0x35c Drivers/STM32F3xx_HAL_Driver/Src/stm32f3xx_hal_flash_ex.o
                                      0x8e0fc (size before relaxing)
 .debug_str     0x0000000000093c56      0x240 Drivers/STM32F3xx_HAL_Driver/Src/stm32f3xx_hal_gpio.o
                                      0x8df08 (size before relaxing)
 .debug_str     0x0000000000093e96      0x301 Drivers/STM32F3xx_HAL_Driver/Src/stm32f3xx_hal_rcc.o
                                      0x8e110 (size before relaxing)
 .debug_str     0x0000000000094197       0xd8 Drivers/STM32F3xx_HAL_Driver/Src/stm32f3xx_hal_rcc_ex.o
                                      0x8ded4 (size before relaxing)
 .debug_str     0x000000000009426f      0x810 Drivers/STM32F3xx_HAL_Driver/Src/stm32f3xx_hal_uart.o
                                      0x8e870 (size before relaxing)
 .debug_str     0x0000000000094a7f      0x24d Libraries/tiny-AES-c/aes.o
                                       0x71c8 (size before relaxing)

.comment        0x0000000000000000       0x7b
 .comment       0x0000000000000000       0x7b Core/Src/checksum.o
                                         0x7c (size before relaxing)
 .comment       0x000000000000007b       0x7c Core/Src/encryption.o
 .comment       0x000000000000007b       0x7c Core/Src/main.o
 .comment       0x000000000000007b       0x7c Core/Src/meta_info.o
 .comment       0x000000000000007b       0x7c Core/Src/periphery.o
 .comment       0x000000000000007b       0x7c Core/Src/stm32f3xx_hal_msp.o
 .comment       0x000000000000007b       0x7c Core/Src/stm32f3xx_it.o
 .comment       0x000000000000007b       0x7c Core/Src/sysmem.o
 .comment       0x000000000000007b       0x7c Core/Src/system_stm32f3xx.o
 .comment       0x000000000000007b       0x7c Core/Src/transmition_logic.o
 .comment       0x000000000000007b       0x7c Drivers/STM32F3xx_HAL_Driver/Src/stm32f3xx_hal.o
 .comment       0x000000000000007b       0x7c Drivers/STM32F3xx_HAL_Driver/Src/stm32f3xx_hal_cortex.o
 .comment       0x000000000000007b       0x7c Drivers/STM32F3xx_HAL_Driver/Src/stm32f3xx_hal_flash.o
 .comment       0x000000000000007b       0x7c Drivers/STM32F3xx_HAL_Driver/Src/stm32f3xx_hal_flash_ex.o
 .comment       0x000000000000007b       0x7c Drivers/STM32F3xx_HAL_Driver/Src/stm32f3xx_hal_gpio.o
 .comment       0x000000000000007b       0x7c Drivers/STM32F3xx_HAL_Driver/Src/stm32f3xx_hal_rcc.o
 .comment       0x000000000000007b       0x7c Drivers/STM32F3xx_HAL_Driver/Src/stm32f3xx_hal_rcc_ex.o
 .comment       0x000000000000007b       0x7c Drivers/STM32F3xx_HAL_Driver/Src/stm32f3xx_hal_uart.o
 .comment       0x000000000000007b       0x7c Libraries/tiny-AES-c/aes.o

.debug_frame    0x0000000000000000     0x2768
 .debug_frame   0x0000000000000000       0x5c Core/Src/checksum.o
 .debug_frame   0x000000000000005c       0x58 Core/Src/encryption.o
 .debug_frame   0x00000000000000b4       0xdc Core/Src/main.o
 .debug_frame   0x0000000000000190       0x58 Core/Src/meta_info.o
 .debug_frame   0x00000000000001e8      0x114 Core/Src/periphery.o
 .debug_frame   0x00000000000002fc       0x80 Core/Src/stm32f3xx_hal_msp.o
 .debug_frame   0x000000000000037c      0x10c Core/Src/stm32f3xx_it.o
 .debug_frame   0x0000000000000488       0x34 Core/Src/sysmem.o
 .debug_frame   0x00000000000004bc       0x58 Core/Src/system_stm32f3xx.o
 .debug_frame   0x0000000000000514      0x228 Core/Src/transmition_logic.o
 .debug_frame   0x000000000000073c      0x334 Drivers/STM32F3xx_HAL_Driver/Src/stm32f3xx_hal.o
 .debug_frame   0x0000000000000a70      0x498 Drivers/STM32F3xx_HAL_Driver/Src/stm32f3xx_hal_cortex.o
 .debug_frame   0x0000000000000f08      0x214 Drivers/STM32F3xx_HAL_Driver/Src/stm32f3xx_hal_flash.o
 .debug_frame   0x000000000000111c      0x258 Drivers/STM32F3xx_HAL_Driver/Src/stm32f3xx_hal_flash_ex.o
 .debug_frame   0x0000000000001374      0x14c Drivers/STM32F3xx_HAL_Driver/Src/stm32f3xx_hal_gpio.o
 .debug_frame   0x00000000000014c0      0x214 Drivers/STM32F3xx_HAL_Driver/Src/stm32f3xx_hal_rcc.o
 .debug_frame   0x00000000000016d4       0xb4 Drivers/STM32F3xx_HAL_Driver/Src/stm32f3xx_hal_rcc_ex.o
 .debug_frame   0x0000000000001788      0x970 Drivers/STM32F3xx_HAL_Driver/Src/stm32f3xx_hal_uart.o
 .debug_frame   0x00000000000020f8      0x310 Libraries/tiny-AES-c/aes.o
 .debug_frame   0x0000000000002408       0x20 c:/st/stm32cubeide_1.4.0/stm32cubeide/plugins/com.st.stm32cube.ide.mcu.externaltools.gnu-tools-for-stm32.7-2018-q2-update.win32_1.4.0.202007081208/tools/bin/../lib/gcc/arm-none-eabi/7.3.1/../../../../arm-none-eabi/lib/thumb/v7e-m/fpv4-sp/hard\libc_nano.a(lib_a-errno.o)
 .debug_frame   0x0000000000002428       0x2c c:/st/stm32cubeide_1.4.0/stm32cubeide/plugins/com.st.stm32cube.ide.mcu.externaltools.gnu-tools-for-stm32.7-2018-q2-update.win32_1.4.0.202007081208/tools/bin/../lib/gcc/arm-none-eabi/7.3.1/../../../../arm-none-eabi/lib/thumb/v7e-m/fpv4-sp/hard\libc_nano.a(lib_a-init.o)
 .debug_frame   0x0000000000002454       0x28 c:/st/stm32cubeide_1.4.0/stm32cubeide/plugins/com.st.stm32cube.ide.mcu.externaltools.gnu-tools-for-stm32.7-2018-q2-update.win32_1.4.0.202007081208/tools/bin/../lib/gcc/arm-none-eabi/7.3.1/../../../../arm-none-eabi/lib/thumb/v7e-m/fpv4-sp/hard\libc_nano.a(lib_a-memcpy-stub.o)
 .debug_frame   0x000000000000247c       0x28 c:/st/stm32cubeide_1.4.0/stm32cubeide/plugins/com.st.stm32cube.ide.mcu.externaltools.gnu-tools-for-stm32.7-2018-q2-update.win32_1.4.0.202007081208/tools/bin/../lib/gcc/arm-none-eabi/7.3.1/../../../../arm-none-eabi/lib/thumb/v7e-m/fpv4-sp/hard\libc_nano.a(lib_a-memmove.o)
 .debug_frame   0x00000000000024a4       0x20 c:/st/stm32cubeide_1.4.0/stm32cubeide/plugins/com.st.stm32cube.ide.mcu.externaltools.gnu-tools-for-stm32.7-2018-q2-update.win32_1.4.0.202007081208/tools/bin/../lib/gcc/arm-none-eabi/7.3.1/../../../../arm-none-eabi/lib/thumb/v7e-m/fpv4-sp/hard\libc_nano.a(lib_a-memset.o)
 .debug_frame   0x00000000000024c4       0x3c c:/st/stm32cubeide_1.4.0/stm32cubeide/plugins/com.st.stm32cube.ide.mcu.externaltools.gnu-tools-for-stm32.7-2018-q2-update.win32_1.4.0.202007081208/tools/bin/../lib/gcc/arm-none-eabi/7.3.1/../../../../arm-none-eabi/lib/thumb/v7e-m/fpv4-sp/hard\libc_nano.a(lib_a-vsprintf.o)
 .debug_frame   0x0000000000002500       0x90 c:/st/stm32cubeide_1.4.0/stm32cubeide/plugins/com.st.stm32cube.ide.mcu.externaltools.gnu-tools-for-stm32.7-2018-q2-update.win32_1.4.0.202007081208/tools/bin/../lib/gcc/arm-none-eabi/7.3.1/../../../../arm-none-eabi/lib/thumb/v7e-m/fpv4-sp/hard\libc_nano.a(lib_a-nano-svfprintf.o)
 .debug_frame   0x0000000000002590       0x60 c:/st/stm32cubeide_1.4.0/stm32cubeide/plugins/com.st.stm32cube.ide.mcu.externaltools.gnu-tools-for-stm32.7-2018-q2-update.win32_1.4.0.202007081208/tools/bin/../lib/gcc/arm-none-eabi/7.3.1/../../../../arm-none-eabi/lib/thumb/v7e-m/fpv4-sp/hard\libc_nano.a(lib_a-nano-vfprintf_i.o)
 .debug_frame   0x00000000000025f0       0x38 c:/st/stm32cubeide_1.4.0/stm32cubeide/plugins/com.st.stm32cube.ide.mcu.externaltools.gnu-tools-for-stm32.7-2018-q2-update.win32_1.4.0.202007081208/tools/bin/../lib/gcc/arm-none-eabi/7.3.1/../../../../arm-none-eabi/lib/thumb/v7e-m/fpv4-sp/hard\libc_nano.a(lib_a-nano-freer.o)
 .debug_frame   0x0000000000002628       0x2c c:/st/stm32cubeide_1.4.0/stm32cubeide/plugins/com.st.stm32cube.ide.mcu.externaltools.gnu-tools-for-stm32.7-2018-q2-update.win32_1.4.0.202007081208/tools/bin/../lib/gcc/arm-none-eabi/7.3.1/../../../../arm-none-eabi/lib/thumb/v7e-m/fpv4-sp/hard\libc_nano.a(lib_a-nano-mallocr.o)
 .debug_frame   0x0000000000002654       0x3c c:/st/stm32cubeide_1.4.0/stm32cubeide/plugins/com.st.stm32cube.ide.mcu.externaltools.gnu-tools-for-stm32.7-2018-q2-update.win32_1.4.0.202007081208/tools/bin/../lib/gcc/arm-none-eabi/7.3.1/../../../../arm-none-eabi/lib/thumb/v7e-m/fpv4-sp/hard\libc_nano.a(lib_a-nano-reallocr.o)
 .debug_frame   0x0000000000002690       0x2c c:/st/stm32cubeide_1.4.0/stm32cubeide/plugins/com.st.stm32cube.ide.mcu.externaltools.gnu-tools-for-stm32.7-2018-q2-update.win32_1.4.0.202007081208/tools/bin/../lib/gcc/arm-none-eabi/7.3.1/../../../../arm-none-eabi/lib/thumb/v7e-m/fpv4-sp/hard\libc_nano.a(lib_a-sbrkr.o)
 .debug_frame   0x00000000000026bc       0x30 c:/st/stm32cubeide_1.4.0/stm32cubeide/plugins/com.st.stm32cube.ide.mcu.externaltools.gnu-tools-for-stm32.7-2018-q2-update.win32_1.4.0.202007081208/tools/bin/../lib/gcc/arm-none-eabi/7.3.1/../../../../arm-none-eabi/lib/thumb/v7e-m/fpv4-sp/hard\libc_nano.a(lib_a-mlock.o)
 .debug_frame   0x00000000000026ec       0x20 c:/st/stm32cubeide_1.4.0/stm32cubeide/plugins/com.st.stm32cube.ide.mcu.externaltools.gnu-tools-for-stm32.7-2018-q2-update.win32_1.4.0.202007081208/tools/bin/../lib/gcc/arm-none-eabi/7.3.1/../../../../arm-none-eabi/lib/thumb/v7e-m/fpv4-sp/hard\libc_nano.a(lib_a-nano-msizer.o)
 .debug_frame   0x000000000000270c       0x5c c:/st/stm32cubeide_1.4.0/stm32cubeide/plugins/com.st.stm32cube.ide.mcu.externaltools.gnu-tools-for-stm32.7-2018-q2-update.win32_1.4.0.202007081208/tools/bin/../lib/gcc/arm-none-eabi/7.3.1/../../../../arm-none-eabi/lib/thumb/v7e-m/fpv4-sp/hard\libc_nano.a(lib_a-reent.o)
